[backblue.gif]
[fade.gif]
[index.html]
[www.nuclear.csdb.cn/fissionyield.html]
[www.nuclear.csdb.cn/frame1.html]
[www.nuclear.csdb.cn/images/head.jpg]
[www.nuclear.csdb.cn/images/top_03.png]
[www.nuclear.csdb.cn/images/top_01.gif]
[www.nuclear.csdb.cn/images/top_02.gif]
[www.nuclear.csdb.cn/images/top_07.gif]
[www.nuclear.csdb.cn/images/top_08.jpg]
[www.nuclear.csdb.cn/top.html]
[www.nuclear.csdb.cn/images/shy_01.jpg]
[www.nuclear.csdb.cn/images/shy_03.gif]
[www.nuclear.csdb.cn/images/shy_02.jpg]
[www.nuclear.csdb.cn/images/shy_05.jpg]
[www.nuclear.csdb.cn/images/shy_06.jpg]
[www.nuclear.csdb.cn/images/shy_08.gif]
[www.nuclear.csdb.cn/images/shy_04.jpg]
[www.nuclear.csdb.cn/images/shy_26.gif]
[www.nuclear.csdb.cn/images/shy_39.jpg]
[www.nuclear.csdb.cn/images/shy_40.jpg]
[www.nuclear.csdb.cn/images/faq.jpg]
[www.nuclear.csdb.cn/left.html]
[www.nuclear.csdb.cn/cgi-bin/fissionyield.html]
[www.nuclear.csdb.cn/frame3.html]
[www.nuclear.csdb.cn/images/bottom_01.gif]
[www.nuclear.csdb.cn/images/bottom_02.gif]
[www.nuclear.csdb.cn/bottom.html]
[www.nuclear.csdb.cn/images/top_04.jpg]
[www.nuclear.csdb.cn/images/top_06.gif]
[www.nuclear.csdb.cn/images/top_09.gif]
[www.nuclear.csdb.cn/images/shy_07.gif]
[www.nuclear.csdb.cn/images/shy_14.gif]
[www.nuclear.csdb.cn/images/shy_17.gif]
[www.nuclear.csdb.cn/images/shy_21.gif]
[www.nuclear.csdb.cn/images/shy_18.gif]
[www.nuclear.csdb.cn/images/shy_25.gif]
[www.nuclear.csdb.cn/images/shy_23.gif]
[www.nuclear.csdb.cn/images/shy_44.gif]
[www.nuclear.csdb.cn/images/shy_42.gif]
[www.nuclear.csdb.cn/images/shy_29.jpg]
[www.nuclear.csdb.cn/images/shy_32.gif]
[www.nuclear.csdb.cn/images/shy_35.gif]
[www.nuclear.csdb.cn/images/shy_36.gif]
[www.nuclear.csdb.cn/images/shy_37.gif]
[www.nuclear.csdb.cn/images/shy_38.gif]
[www.nuclear.csdb.cn/images/bottom_03.gif]
[www.nuclear.csdb.cn/images/shy_49.gif]
[www.nuclear.csdb.cn/images/shy_50.gif]
[www.nuclear.csdb.cn/css/css.css]
[www.nuclear.csdb.cn/images/shy_51.jpg]
[www.nuclear.csdb.cn/images/shy_34.gif]
[www.nuclear.csdb.cn/images/shy_28.jpg]
[www.nuclear.csdb.cn/images/shy_30.jpg]
[www.nuclear.csdb.cn/ndplot/ND.jpg]
[www.nuclear.csdb.cn/ctom/ctom.jpg]
[www.nuclear.csdb.cn/gdgraph/gdgraph.jpg]
[www.nuclear.csdb.cn/images/shy_31.jpg]
[www.nuclear.csdb.cn/images/shy_27.jpg]
[www.nuclear.csdb.cn/images/ciae.jpg]
[www.nuclear.csdb.cn/images/cndc.jpg]
[www.nuclear.csdb.cn/GDGraph/gdgraph-2.jpg]
[www.nuclear.csdb.cn/images/photo_02.jpg]
[www.nuclear.csdb.cn/images/shy_10.jpg]
[www.nuclear.csdb.cn/images/shy_12.gif]
[www.nuclear.csdb.cn/images/shy_11.gif]
[www.nuclear.csdb.cn/images/c32.jpg]
[www.nuclear.csdb.cn/images/shy_16.jpg]
[www.nuclear.csdb.cn/images/shy_48.jpg]
[www.nuclear.csdb.cn/images/shy_20.jpg]
[www.nuclear.csdb.cn/images/shy_19.gif]
[www.nuclear.csdb.cn/images/shy_22.jpg]
[www.nuclear.csdb.cn/images/shy_24.gif]
[www.nuclear.csdb.cn/images/photo_03.jpg]
[www.nuclear.csdb.cn/thu/thu.jpg]
[www.nuclear.csdb.cn/images/shy_41.jpg]
[www.nuclear.csdb.cn/images/shy_43.gif]
[www.nuclear.csdb.cn/images/photo_04.jpg]
[www.nuclear.csdb.cn/images/shy_15.gif]
[www.nuclear.csdb.cn/images/shy_33.jpg]
[www.nuclear.csdb.cn/index.html]
[www.nuclear.csdb.cn/images/shy_47.jpg]
[www.nuclear.csdb.cn/sjkchzh.html]
[www.nuclear.csdb.cn/images/section23.gif]
[www.nuclear.csdb.cn/images/shy_80.gif]
[www.nuclear.csdb.cn/shjjs.html]
[www.nuclear.csdb.cn/gybk1.html]
[www.nuclear.csdb.cn/sjkfw.html]
[www.nuclear.csdb.cn/shyzhn.html]
[www.nuclear.csdb.cn/fwal1.html]
[www.nuclear.csdb.cn/images/photo_11.jpg]
[www.nuclear.csdb.cn/images/shy_79.gif]
[www.nuclear.csdb.cn/images/photo_12.jpg]
[www.nuclear.csdb.cn/images/photo_13.jpg]
[www.nuclear.csdb.cn/images/photo_14.jpg]
[www.nuclear.csdb.cn/images/photo_15.jpg]
[www.nuclear.csdb.cn/sjkml.html]
[www.nuclear.csdb.cn/endf.html]
[www.nuclear.csdb.cn/thu/index.html]
[www.nuclear.csdb.cn/nuclear/picture/chartt.map]
[www.nuclear.csdb.cn/nuclear/picture/chartall.gif]
[www.nuclear.csdb.cn/nuclear/index.html]
[www.nuclear.csdb.cn/ex4exe.html]
[www.nuclear.csdb.cn/decay.html]
[www.nuclear.csdb.cn/data/Bar00/bar00.txt]
[www.nuclear.csdb.cn/data/REACLIB2012/20120418ReaclibV1.12.txt]
[www.nuclear.csdb.cn/data/data1.html]
[www.nuclear.csdb.cn/yytws/index.html]
[www.nuclear.csdb.cn/style.css]
[www.nuclear.csdb.cn/fissionyield/fy.png]
[www.nuclear.csdb.cn/fissionyield/qrcode.png]
[www.nuclear.csdb.cn/fissionyield/fissionyield.apk]
[www.nuclear.csdb.cn/fissionyield/fy.html]
[www.nuclear.csdb.cn/index-2.html]
[www.nuclear.csdb.cn/ysjkchzh.html]
[www.nuclear.csdb.cn/yshjjs.html]
[www.nuclear.csdb.cn/ygybk1.html]
[www.nuclear.csdb.cn/ysjkfw.html]
[www.nuclear.csdb.cn/yshyzhn.html]
[www.nuclear.csdb.cn/yfwal1.html]
[www.nuclear.csdb.cn/ysjkml.html]
[www.nuclear.csdb.cn/endf-2.html]
[www.nuclear.csdb.cn/thu.html]
[www.nuclear.csdb.cn/texing.html]
[www.nuclear.csdb.cn/shiyan.html]
[www.nuclear.csdb.cn/decayindex.html]
[www.nuclear.csdb.cn/hetianti.html]
[www.nuclear.csdb.cn/yiyongtws.html]
[www.nuclear.csdb.cn/ytsrj.html]
[www.nuclear.csdb.cn/ndplot/NDPlot.ico]
[www.nuclear.csdb.cn/ndplot/cndc1.png]
[www.nuclear.csdb.cn/ndplot/screenshot.jpg]
[www.nuclear.csdb.cn/ndplot/screeshot1.jpg]
[www.nuclear.csdb.cn/ndplot/NDPlot0.96b.msi]
[www.nuclear.csdb.cn/ndplot/mf8.png]
[www.nuclear.csdb.cn/ndplot/ru97.jpg]
[www.nuclear.csdb.cn/ndplot/legend.png]
[www.nuclear.csdb.cn/ndplot/NDPlot0.95b.msi]
[www.nuclear.csdb.cn/ndplot/ratio.png]
[www.nuclear.csdb.cn/ndplot/natural.png]
[www.nuclear.csdb.cn/ndplot/NDPlot0.94b.msi]
[www.nuclear.csdb.cn/ndplot/NDPlot0.93b.msi]
[www.nuclear.csdb.cn/ndplot/NDPlot0.92b.msi]
[www.nuclear.csdb.cn/ndplot/ndplot-csp.pdf]
[www.nuclear.csdb.cn/ndplot/ndplot-mt=452-455-456.pdf]
[www.nuclear.csdb.cn/ndplot/NDPlot0.91b.msi]
