[www-nds.iaea.org/pgaa/egaf.html]
[backblue.gif]
[fade.gif]
[index.html]
[www-nds.iaea.org/pgaa/isoexpl/isoexpl.html]
[www-nds.iaea.org/pgaa/egaf.html]
[www-nds.iaea.org/cdn-cgi/challenge-platform/h/b/scripts/alpha/invisible5615.js]
[www-nds.iaea.org/pgaa/isoexpl/ietour01.html]
[www-nds.iaea.org/pgaa/isoexpl/images/ie.gif]
[www-nds.iaea.org/pgaa/isoexpl/ie2.html]
[www-nds.iaea.org/pgaa/isoexpl/man.pdf]
[www-nds.iaea.org/pgaa/isoexpl/ensdfman.pdf]
[www-nds.iaea.org/pgaa/isoexpl/charthlp.html]
[www-nds.iaea.org/pgaa/isoexpl/images/iemovie.gif]
[www-nds.iaea.org/pgaa/isoexpl/isoexpl.html]
[www-nds.iaea.org/pgaa/EGAF/2H_EGAF.html]
[www-nds.iaea.org/pgaa/EGAF/3H_EGAF.html]
[www-nds.iaea.org/pgaa/EGAF/4HE_EGAF.html]
[www-nds.iaea.org/pgaa/EGAF/7LI_EGAF.html]
[www-nds.iaea.org/pgaa/EGAF/8LI_EGAF.html]
[www-nds.iaea.org/pgaa/EGAF/10BE_EGAF.html]
[www-nds.iaea.org/pgaa/EGAF/11B_EGAF.html]
[www-nds.iaea.org/pgaa/EGAF/13C_EGAF.html]
[www-nds.iaea.org/pgaa/EGAF/14C_EGAF.html]
[www-nds.iaea.org/pgaa/EGAF/15N_EGAF.html]
[www-nds.iaea.org/pgaa/EGAF/17O_EGAF.html]
[www-nds.iaea.org/pgaa/EGAF/18O_EGAF.html]
[www-nds.iaea.org/pgaa/EGAF/20F_EGAF.html]
[www-nds.iaea.org/pgaa/EGAF/21NE_EGAF.html]
[www-nds.iaea.org/pgaa/EGAF/22NE_EGAF.html]
[www-nds.iaea.org/pgaa/EGAF/23NE_EGAF.html]
[www-nds.iaea.org/pgaa/EGAF/24NA_EGAF.html]
[www-nds.iaea.org/pgaa/EGAF/25MG_EGAF.html]
[www-nds.iaea.org/pgaa/EGAF/26MG_EGAF.html]
[www-nds.iaea.org/pgaa/EGAF/27MG_EGAF.html]
[www-nds.iaea.org/pgaa/EGAF/28AL_EGAF.html]
[www-nds.iaea.org/pgaa/EGAF/29SI_EGAF.html]
[www-nds.iaea.org/pgaa/EGAF/30SI_EGAF.html]
[www-nds.iaea.org/pgaa/EGAF/31SI_EGAF.html]
[www-nds.iaea.org/pgaa/EGAF/32P_EGAF.html]
[www-nds.iaea.org/pgaa/EGAF/33S_EGAF.html]
[www-nds.iaea.org/pgaa/EGAF/34S_EGAF.html]
[www-nds.iaea.org/pgaa/EGAF/35S_EGAF.html]
[www-nds.iaea.org/pgaa/EGAF/36CL_EGAF.html]
[www-nds.iaea.org/pgaa/EGAF/37S_EGAF.html]
[www-nds.iaea.org/pgaa/EGAF/37AR_EGAF.html]
[www-nds.iaea.org/pgaa/EGAF/38CL_EGAF.html]
[www-nds.iaea.org/pgaa/EGAF/40K_EGAF.html]
[www-nds.iaea.org/pgaa/EGAF/41AR_EGAF.html]
[www-nds.iaea.org/pgaa/EGAF/41K_EGAF.html]
[www-nds.iaea.org/pgaa/EGAF/41CA_EGAF.html]
[www-nds.iaea.org/pgaa/EGAF/42K_EGAF.html]
[www-nds.iaea.org/pgaa/EGAF/43CA_EGAF.html]
[www-nds.iaea.org/pgaa/EGAF/44CA_EGAF.html]
[www-nds.iaea.org/pgaa/EGAF/45CA_EGAF.html]
[www-nds.iaea.org/pgaa/EGAF/46SC_EGAF.html]
[www-nds.iaea.org/pgaa/EGAF/47CA_EGAF.html]
[www-nds.iaea.org/pgaa/EGAF/47TI_EGAF.html]
[www-nds.iaea.org/pgaa/EGAF/48TI_EGAF.html]
[www-nds.iaea.org/pgaa/EGAF/49CA_EGAF.html]
[www-nds.iaea.org/pgaa/EGAF/49TI_EGAF.html]
[www-nds.iaea.org/pgaa/EGAF/50TI_EGAF.html]
[www-nds.iaea.org/pgaa/EGAF/51TI_EGAF.html]
[www-nds.iaea.org/pgaa/EGAF/51V_EGAF.html]
[www-nds.iaea.org/pgaa/EGAF/51CR_EGAF.html]
[www-nds.iaea.org/pgaa/EGAF/52V_EGAF.html]
[www-nds.iaea.org/pgaa/EGAF/53CR_EGAF.html]
[www-nds.iaea.org/pgaa/EGAF/54CR_EGAF.html]
[www-nds.iaea.org/pgaa/EGAF/55CR_EGAF.html]
[www-nds.iaea.org/pgaa/EGAF/55FE_EGAF.html]
[www-nds.iaea.org/pgaa/EGAF/56MN_EGAF.html]
[www-nds.iaea.org/pgaa/EGAF/57FE_EGAF.html]
[www-nds.iaea.org/pgaa/EGAF/58FE_EGAF.html]
[www-nds.iaea.org/pgaa/EGAF/59FE_EGAF.html]
[www-nds.iaea.org/pgaa/EGAF/59NI_EGAF.html]
[www-nds.iaea.org/pgaa/EGAF/60CO_EGAF.html]
[www-nds.iaea.org/pgaa/EGAF/61NI_EGAF.html]
[www-nds.iaea.org/pgaa/EGAF/62NI_EGAF.html]
[www-nds.iaea.org/pgaa/EGAF/63NI_EGAF.html]
[www-nds.iaea.org/pgaa/EGAF/64CU_EGAF.html]
[www-nds.iaea.org/pgaa/EGAF/65NI_EGAF.html]
[www-nds.iaea.org/pgaa/EGAF/65ZN_EGAF.html]
[www-nds.iaea.org/pgaa/EGAF/66CU_EGAF.html]
[www-nds.iaea.org/pgaa/EGAF/67ZN_EGAF.html]
[www-nds.iaea.org/pgaa/EGAF/68ZN_EGAF.html]
[www-nds.iaea.org/pgaa/EGAF/69ZN_EGAF.html]
[www-nds.iaea.org/pgaa/EGAF/70GA_EGAF.html]
[www-nds.iaea.org/pgaa/EGAF/71GE_EGAF.html]
[www-nds.iaea.org/pgaa/EGAF/72GA_EGAF.html]
[www-nds.iaea.org/pgaa/EGAF/73GE_EGAF.html]
[www-nds.iaea.org/pgaa/EGAF/74GE_EGAF.html]
[www-nds.iaea.org/pgaa/EGAF/75GE_EGAF.html]
[www-nds.iaea.org/pgaa/EGAF/75SE_EGAF.html]
[www-nds.iaea.org/pgaa/EGAF/76AS_EGAF.html]
[www-nds.iaea.org/pgaa/EGAF/77GE_EGAF.html]
[www-nds.iaea.org/pgaa/EGAF/77SE_EGAF.html]
[www-nds.iaea.org/pgaa/EGAF/78SE_EGAF.html]
[www-nds.iaea.org/pgaa/EGAF/79SE_EGAF.html]
[www-nds.iaea.org/pgaa/EGAF/80BR_EGAF.html]
[www-nds.iaea.org/pgaa/EGAF/81SE_EGAF.html]
[www-nds.iaea.org/pgaa/EGAF/82BR_EGAF.html]
[www-nds.iaea.org/pgaa/EGAF/84KR_EGAF.html]
[www-nds.iaea.org/pgaa/EGAF/85SR_EGAF.html]
[www-nds.iaea.org/pgaa/EGAF/86RB_EGAF.html]
[www-nds.iaea.org/pgaa/EGAF/87KR_EGAF.html]
[www-nds.iaea.org/pgaa/EGAF/87SR_EGAF.html]
[www-nds.iaea.org/pgaa/EGAF/88RB_EGAF.html]
[www-nds.iaea.org/pgaa/EGAF/88SR_EGAF.html]
[www-nds.iaea.org/pgaa/EGAF/89SR_EGAF.html]
[www-nds.iaea.org/pgaa/EGAF/90Y_EGAF.html]
[www-nds.iaea.org/pgaa/EGAF/91ZR_EGAF.html]
[www-nds.iaea.org/pgaa/EGAF/92ZR_EGAF.html]
[www-nds.iaea.org/pgaa/EGAF/93ZR_EGAF.html]
[www-nds.iaea.org/pgaa/EGAF/93MO_EGAF.html]
[www-nds.iaea.org/pgaa/EGAF/94NB_EGAF.html]
[www-nds.iaea.org/pgaa/EGAF/95ZR_EGAF.html]
[www-nds.iaea.org/pgaa/EGAF/95MO_EGAF.html]
[www-nds.iaea.org/pgaa/EGAF/96MO_EGAF.html]
[www-nds.iaea.org/pgaa/EGAF/97ZR_EGAF.html]
[www-nds.iaea.org/pgaa/EGAF/97MO_EGAF.html]
[www-nds.iaea.org/pgaa/EGAF/97RU_EGAF.html]
[www-nds.iaea.org/pgaa/EGAF/98MO_EGAF.html]
[www-nds.iaea.org/pgaa/EGAF/99MO_EGAF.html]
[www-nds.iaea.org/pgaa/EGAF/99RU_EGAF.html]
[www-nds.iaea.org/pgaa/EGAF/100RU_EGAF.html]
[www-nds.iaea.org/pgaa/EGAF/101MO_EGAF.html]
[www-nds.iaea.org/pgaa/EGAF/101RU_EGAF.html]
[www-nds.iaea.org/pgaa/EGAF/102RU_EGAF.html]
[www-nds.iaea.org/pgaa/EGAF/103RU_EGAF.html]
[www-nds.iaea.org/pgaa/EGAF/103PD_EGAF.html]
[www-nds.iaea.org/pgaa/EGAF/104RH_EGAF.html]
[www-nds.iaea.org/pgaa/EGAF/105RU_EGAF.html]
[www-nds.iaea.org/pgaa/EGAF/105PD_EGAF.html]
[www-nds.iaea.org/pgaa/EGAF/106PD_EGAF.html]
[www-nds.iaea.org/pgaa/EGAF/107PD_EGAF.html]
[www-nds.iaea.org/pgaa/EGAF/108AG_EGAF.html]
[www-nds.iaea.org/pgaa/EGAF/109PD_EGAF.html]
[www-nds.iaea.org/pgaa/EGAF/110AG_EGAF.html]
[www-nds.iaea.org/pgaa/EGAF/111PD_EGAF.html]
[www-nds.iaea.org/pgaa/EGAF/111CD_EGAF.html]
[www-nds.iaea.org/pgaa/EGAF/112CD_EGAF.html]
[www-nds.iaea.org/pgaa/EGAF/114CD_EGAF.html]
[www-nds.iaea.org/pgaa/EGAF/114IN_EGAF.html]
[www-nds.iaea.org/pgaa/EGAF/116IN_EGAF.html]
[www-nds.iaea.org/pgaa/EGAF/116SN_EGAF.html]
[www-nds.iaea.org/pgaa/EGAF/117SN_EGAF.html]
[www-nds.iaea.org/pgaa/EGAF/118SN_EGAF.html]
[www-nds.iaea.org/pgaa/EGAF/119SN_EGAF.html]
[www-nds.iaea.org/pgaa/EGAF/120SN_EGAF.html]
[www-nds.iaea.org/pgaa/EGAF/121SN_EGAF.html]
[www-nds.iaea.org/pgaa/EGAF/122SB_EGAF.html]
[www-nds.iaea.org/pgaa/EGAF/123SN_EGAF.html]
[www-nds.iaea.org/pgaa/EGAF/123TE_EGAF.html]
[www-nds.iaea.org/pgaa/EGAF/124SB_EGAF.html]
[www-nds.iaea.org/pgaa/EGAF/124TE_EGAF.html]
[www-nds.iaea.org/pgaa/EGAF/125SN_EGAF.html]
[www-nds.iaea.org/pgaa/EGAF/125TE_EGAF.html]
[www-nds.iaea.org/pgaa/EGAF/125XE_EGAF.html]
[www-nds.iaea.org/pgaa/EGAF/126TE_EGAF.html]
[www-nds.iaea.org/pgaa/EGAF/127TE_EGAF.html]
[www-nds.iaea.org/pgaa/EGAF/128I_EGAF.html]
[www-nds.iaea.org/pgaa/EGAF/129TE_EGAF.html]
[www-nds.iaea.org/pgaa/EGAF/129XE_EGAF.html]
[www-nds.iaea.org/pgaa/EGAF/130XE_EGAF.html]
[www-nds.iaea.org/pgaa/EGAF/131TE_EGAF.html]
[www-nds.iaea.org/pgaa/EGAF/131XE_EGAF.html]
[www-nds.iaea.org/pgaa/EGAF/132XE_EGAF.html]
[www-nds.iaea.org/pgaa/EGAF/134CS_EGAF.html]
[www-nds.iaea.org/pgaa/EGAF/135BA_EGAF.html]
[www-nds.iaea.org/pgaa/EGAF/136BA_EGAF.html]
[www-nds.iaea.org/pgaa/EGAF/137XE_EGAF.html]
[www-nds.iaea.org/pgaa/EGAF/137BA_EGAF.html]
[www-nds.iaea.org/pgaa/EGAF/137CE_EGAF.html]
[www-nds.iaea.org/pgaa/EGAF/138BA_EGAF.html]
[www-nds.iaea.org/pgaa/EGAF/139BA_EGAF.html]
[www-nds.iaea.org/pgaa/EGAF/139LA_EGAF.html]
[www-nds.iaea.org/pgaa/EGAF/139CE_EGAF.html]
[www-nds.iaea.org/pgaa/EGAF/140LA_EGAF.html]
[www-nds.iaea.org/pgaa/EGAF/141CE_EGAF.html]
[www-nds.iaea.org/pgaa/EGAF/142PR_EGAF.html]
[www-nds.iaea.org/pgaa/EGAF/143CE_EGAF.html]
[www-nds.iaea.org/pgaa/EGAF/143ND_EGAF.html]
[www-nds.iaea.org/pgaa/EGAF/144ND_EGAF.html]
[www-nds.iaea.org/pgaa/EGAF/145ND_EGAF.html]
[www-nds.iaea.org/pgaa/EGAF/146ND_EGAF.html]
[www-nds.iaea.org/pgaa/EGAF/147ND_EGAF.html]
[www-nds.iaea.org/pgaa/EGAF/148SM_EGAF.html]
[www-nds.iaea.org/pgaa/EGAF/149ND_EGAF.html]
[www-nds.iaea.org/pgaa/EGAF/150SM_EGAF.html]
[www-nds.iaea.org/pgaa/EGAF/151ND_EGAF.html]
[www-nds.iaea.org/pgaa/EGAF/151SM_EGAF.html]
[www-nds.iaea.org/pgaa/EGAF/152EU_EGAF.html]
[www-nds.iaea.org/pgaa/EGAF/153SM_EGAF.html]
[www-nds.iaea.org/pgaa/EGAF/153GD_EGAF.html]
[www-nds.iaea.org/pgaa/EGAF/154EU_EGAF.html]
[www-nds.iaea.org/pgaa/EGAF/155SM_EGAF.html]
[www-nds.iaea.org/pgaa/EGAF/155GD_EGAF.html]
[www-nds.iaea.org/pgaa/EGAF/156GD_EGAF.html]
[www-nds.iaea.org/pgaa/EGAF/158GD_EGAF.html]
[www-nds.iaea.org/pgaa/EGAF/160TB_EGAF.html]
[www-nds.iaea.org/pgaa/EGAF/161DY_EGAF.html]
[www-nds.iaea.org/pgaa/EGAF/162DY_EGAF.html]
[www-nds.iaea.org/pgaa/EGAF/163DY_EGAF.html]
[www-nds.iaea.org/pgaa/EGAF/163ER_EGAF.html]
[www-nds.iaea.org/pgaa/EGAF/164DY_EGAF.html]
[www-nds.iaea.org/pgaa/EGAF/165DY_EGAF.html]
[www-nds.iaea.org/pgaa/EGAF/166HO_EGAF.html]
[www-nds.iaea.org/pgaa/EGAF/167ER_EGAF.html]
[www-nds.iaea.org/pgaa/EGAF/168ER_EGAF.html]
[www-nds.iaea.org/pgaa/EGAF/169ER_EGAF.html]
[www-nds.iaea.org/pgaa/EGAF/169YB_EGAF.html]
[www-nds.iaea.org/pgaa/EGAF/170TM_EGAF.html]
[www-nds.iaea.org/pgaa/EGAF/171ER_EGAF.html]
[www-nds.iaea.org/pgaa/EGAF/171YB_EGAF.html]
[www-nds.iaea.org/pgaa/EGAF/172YB_EGAF.html]
[www-nds.iaea.org/pgaa/EGAF/173YB_EGAF.html]
[www-nds.iaea.org/pgaa/EGAF/174YB_EGAF.html]
[www-nds.iaea.org/pgaa/EGAF/175YB_EGAF.html]
[www-nds.iaea.org/pgaa/EGAF/175HF_EGAF.html]
[www-nds.iaea.org/pgaa/EGAF/176LU_EGAF.html]
[www-nds.iaea.org/pgaa/EGAF/177YB_EGAF.html]
[www-nds.iaea.org/pgaa/EGAF/177LU_EGAF.html]
[www-nds.iaea.org/pgaa/EGAF/177HF_EGAF.html]
[www-nds.iaea.org/pgaa/EGAF/178HF_EGAF.html]
[www-nds.iaea.org/pgaa/EGAF/179HF_EGAF.html]
[www-nds.iaea.org/pgaa/EGAF/180HF_EGAF.html]
[www-nds.iaea.org/pgaa/EGAF/181HF_EGAF.html]
[www-nds.iaea.org/pgaa/EGAF/181W_EGAF.html]
[www-nds.iaea.org/pgaa/EGAF/182TA_EGAF.html]
[www-nds.iaea.org/pgaa/EGAF/183W_EGAF.html]
[www-nds.iaea.org/pgaa/EGAF/184W_EGAF.html]
[www-nds.iaea.org/pgaa/EGAF/185W_EGAF.html]
[www-nds.iaea.org/pgaa/EGAF/185OS_EGAF.html]
[www-nds.iaea.org/pgaa/EGAF/186RE_EGAF.html]
[www-nds.iaea.org/pgaa/EGAF/187W_EGAF.html]
[www-nds.iaea.org/pgaa/EGAF/187OS_EGAF.html]
[www-nds.iaea.org/pgaa/EGAF/188RE_EGAF.html]
[www-nds.iaea.org/pgaa/EGAF/188OS_EGAF.html]
[www-nds.iaea.org/pgaa/EGAF/189OS_EGAF.html]
[www-nds.iaea.org/pgaa/EGAF/190OS_EGAF.html]
[www-nds.iaea.org/pgaa/EGAF/191OS_EGAF.html]
[www-nds.iaea.org/pgaa/EGAF/192IR_EGAF.html]
[www-nds.iaea.org/pgaa/EGAF/193OS_EGAF.html]
[www-nds.iaea.org/pgaa/EGAF/194IR_EGAF.html]
[www-nds.iaea.org/pgaa/EGAF/195PT_EGAF.html]
[www-nds.iaea.org/pgaa/EGAF/196PT_EGAF.html]
[www-nds.iaea.org/pgaa/EGAF/197PT_EGAF.html]
[www-nds.iaea.org/pgaa/EGAF/197HG_EGAF.html]
[www-nds.iaea.org/pgaa/EGAF/198AU_EGAF.html]
[www-nds.iaea.org/pgaa/EGAF/200HG_EGAF.html]
[www-nds.iaea.org/pgaa/EGAF/202HG_EGAF.html]
[www-nds.iaea.org/pgaa/EGAF/204TL_EGAF.html]
[www-nds.iaea.org/pgaa/EGAF/205PB_EGAF.html]
[www-nds.iaea.org/pgaa/EGAF/206TL_EGAF.html]
[www-nds.iaea.org/pgaa/EGAF/207PB_EGAF.html]
[www-nds.iaea.org/pgaa/EGAF/208PB_EGAF.html]
[www-nds.iaea.org/pgaa/EGAF/210BI_EGAF.html]
[www-nds.iaea.org/pgaa/EGAF/233TH_EGAF.html]
[www-nds.iaea.org/pgaa/EGAF/236U_EGAF.html]
[www-nds.iaea.org/pgaa/EGAF/239U_EGAF.html]
[www-nds.iaea.org/pgaa/iaeapgaa.html]
[www-nds.iaea.org/pgaa/isoexpl/ietour10.html]
[www-nds.iaea.org/pgaa/isoexpl/images/ieblank.gif]
[www-nds.iaea.org/pgaa/isoexpl/ietour01.html]
[www-nds.iaea.org/pgaa/isoexpl/IE223.EXE]
[www-nds.iaea.org/pgaa/isoexpl/pcensdf.exe]
[www-nds.iaea.org/pgaa/isoexpl/catalog.log]
[www-nds.iaea.org/pgaa/isoexpl/images/vueicon.gif]
[www-nds.iaea.org/pgaa/isoexpl/ie2.html]
[www-nds.iaea.org/pgaa/isoexpl/chart_1.gif]
[www-nds.iaea.org/pgaa/isoexpl/chart_2.gif]
[www-nds.iaea.org/pgaa/isoexpl/chart_8.gif]
[www-nds.iaea.org/pgaa/isoexpl/chart_3.gif]
[www-nds.iaea.org/pgaa/isoexpl/chart_4.gif]
[www-nds.iaea.org/pgaa/isoexpl/chart_5.gif]
[www-nds.iaea.org/pgaa/isoexpl/chart_6.gif]
[www-nds.iaea.org/pgaa/isoexpl/chart_9.gif]
[www-nds.iaea.org/pgaa/isoexpl/chart_7.gif]
[www-nds.iaea.org/pgaa/isoexpl/chart_10.gif]
[www-nds.iaea.org/pgaa/isoexpl/charthlp.html]
[www-nds.iaea.org/pgaa/iaealogo80.png]
[www-nds.iaea.org/pgaa/pgaa7/index.html]
[www-nds.iaea.org/pgaa/tecdoc.pdf]
[www-nds.iaea.org/pgaa/databases.html]
[www-nds.iaea.org/pgaa/PGAAdatabase/pgaa.html]
[www-nds.iaea.org/pgaa/iaeapgaa.html]
[www-nds.iaea.org/pgaa/iaeapgaacrp.HTM/index.html]
[www-nds.iaea.org/pgaa/isoexpl/ietour20.html]
[www-nds.iaea.org/pgaa/isoexpl/images/iedraw.gif]
[www-nds.iaea.org/pgaa/isoexpl/ietour10.html]
[www-nds.iaea.org/pgaa/pgaa7/iso.js]
[www-nds.iaea.org/pgaa/pgaa7/ele.js]
[www-nds.iaea.org/pgaa/pgaa7/iaealogo80.png]
[www-nds.iaea.org/pgaa/pgaa7/per.js]
[www-nds.iaea.org/pgaa/pgaa7/small/index2.html]
[www-nds.iaea.org/pgaa/pgaa7/index2.html]
[www-nds.iaea.org/pgaa/pgaa7/index1.html]
[www-nds.iaea.org/pgaa/pgaa7/ele.html]
[www-nds.iaea.org/pgaa/pgaa7/eleiso.html]
[www-nds.iaea.org/pgaa/pgaa7/pgaadata.zip]
[www-nds.iaea.org/pgaa/Annex1/Table-III-Chap7.pdf]
[www-nds.iaea.org/pgaa/Annex1/Table-IV-Chap7.pdf]
[www-nds.iaea.org/pgaa/pgaa7/index.html]
[www-nds.iaea.org/pgaa/pgaa7/gif/h1-102.gif/index.html]
[www-nds.iaea.org/pgaa/data/element.xls]
[www-nds.iaea.org/pgaa/data/isotope.xls]
[www-nds.iaea.org/pgaa/data/promptgammas.xls]
[www-nds.iaea.org/pgaa/data/decaygammas.xls]
[www-nds.iaea.org/pgaa/data/isodoc.pdf]
[www-nds.iaea.org/pgaa/data/isodoc.ps]
[www-nds.iaea.org/pgaa/data/decaydoc.pdf]
[www-nds.iaea.org/pgaa/data/decaydoc.ps]
[www-nds.iaea.org/pgaa/data/gamdoc.pdf]
[www-nds.iaea.org/pgaa/data/gamdoc.ps]
[www-nds.iaea.org/pgaa/data/eodoc.pdf]
[www-nds.iaea.org/pgaa/data/eodoc.ps]
[www-nds.iaea.org/pgaa/data/gfactdoc.pdf]
[www-nds.iaea.org/pgaa/data/gfactdoc.ps]
[www-nds.iaea.org/pgaa/data/refdoc.pdf]
[www-nds.iaea.org/pgaa/data/refdoc.ps]
[www-nds.iaea.org/pgaa/data/nglist_a.mpeg]
[www-nds.iaea.org/pgaa/data/nglist_d.mpeg]
[www-nds.iaea.org/pgaa/data/nglist_e.mpeg]
[www-nds.iaea.org/pgaa/data/nglist_b.mpeg]
[www-nds.iaea.org/pgaa/PGAAdatabase/LANL/CD-ROM/PromptGamma-LANL.html]
[www-nds.iaea.org/pgaa/PGAAdatabase/LANL/lanl.html]
[www-nds.iaea.org/pgaa/databases.html]
[www-nds.iaea.org/pgaa/PGAAdatabase/lone/lone.html]
[www-nds.iaea.org/pgaa/PGAAdatabase/reports/nn/nn_PGAA.html]
[www-nds.iaea.org/pgaa/PGAAdatabase/reports/H/H_PGAA.html]
[www-nds.iaea.org/pgaa/PGAAdatabase/reports/He/He_PGAA.html]
[www-nds.iaea.org/pgaa/PGAAdatabase/reports/Li/Li_PGAA.html]
[www-nds.iaea.org/pgaa/PGAAdatabase/reports/Be/Be_PGAA.html]
[www-nds.iaea.org/pgaa/PGAAdatabase/reports/B/B_PGAA.html]
[www-nds.iaea.org/pgaa/PGAAdatabase/reports/C/C_PGAA.html]
[www-nds.iaea.org/pgaa/PGAAdatabase/reports/N/N_PGAA.html]
[www-nds.iaea.org/pgaa/PGAAdatabase/reports/O/O_PGAA.html]
[www-nds.iaea.org/pgaa/PGAAdatabase/reports/F/F_PGAA.html]
[www-nds.iaea.org/pgaa/PGAAdatabase/reports/Ne/Ne_PGAA.html]
[www-nds.iaea.org/pgaa/PGAAdatabase/reports/Na/Na_PGAA.html]
[www-nds.iaea.org/pgaa/PGAAdatabase/reports/Mg/Mg_PGAA.html]
[www-nds.iaea.org/pgaa/PGAAdatabase/reports/Al/Al_PGAA.html]
[www-nds.iaea.org/pgaa/PGAAdatabase/reports/Si/Si_PGAA.html]
[www-nds.iaea.org/pgaa/PGAAdatabase/reports/P/P_PGAA.html]
[www-nds.iaea.org/pgaa/PGAAdatabase/reports/S/S_PGAA.html]
[www-nds.iaea.org/pgaa/PGAAdatabase/reports/Cl/Cl_PGAA.html]
[www-nds.iaea.org/pgaa/PGAAdatabase/reports/Ar/Ar_PGAA.html]
[www-nds.iaea.org/pgaa/PGAAdatabase/reports/K/K_PGAA.html]
[www-nds.iaea.org/pgaa/PGAAdatabase/reports/Ca/Ca_PGAA.html]
[www-nds.iaea.org/pgaa/PGAAdatabase/reports/Sc/Sc_PGAA.html]
[www-nds.iaea.org/pgaa/PGAAdatabase/reports/Ti/Ti_PGAA.html]
[www-nds.iaea.org/pgaa/PGAAdatabase/reports/V/V_PGAA.html]
[www-nds.iaea.org/pgaa/PGAAdatabase/reports/Cr/Cr_PGAA.html]
[www-nds.iaea.org/pgaa/PGAAdatabase/reports/Mn/Mn_PGAA.html]
[www-nds.iaea.org/pgaa/PGAAdatabase/reports/Fe/Fe_PGAA.html]
[www-nds.iaea.org/pgaa/PGAAdatabase/reports/Co/Co_PGAA.html]
[www-nds.iaea.org/pgaa/PGAAdatabase/reports/Ni/Ni_PGAA.html]
[www-nds.iaea.org/pgaa/PGAAdatabase/reports/Cu/Cu_PGAA.html]
[www-nds.iaea.org/pgaa/PGAAdatabase/reports/Zn/Zn_PGAA.html]
[www-nds.iaea.org/pgaa/PGAAdatabase/reports/Ga/Ga_PGAA.html]
[www-nds.iaea.org/pgaa/PGAAdatabase/reports/Ge/Ge_PGAA.html]
[www-nds.iaea.org/pgaa/PGAAdatabase/reports/As/As_PGAA.html]
[www-nds.iaea.org/pgaa/PGAAdatabase/reports/Se/Se_PGAA.html]
[www-nds.iaea.org/pgaa/PGAAdatabase/reports/Br/Br_PGAA.html]
[www-nds.iaea.org/pgaa/PGAAdatabase/reports/Kr/Kr_PGAA.html]
[www-nds.iaea.org/pgaa/PGAAdatabase/reports/Rb/Rb_PGAA.html]
[www-nds.iaea.org/pgaa/PGAAdatabase/reports/Sr/Sr_PGAA.html]
[www-nds.iaea.org/pgaa/PGAAdatabase/reports/Y/Y_PGAA.html]
[www-nds.iaea.org/pgaa/PGAAdatabase/reports/Zr/Zr_PGAA.html]
[www-nds.iaea.org/pgaa/PGAAdatabase/reports/Nb/Nb_PGAA.html]
[www-nds.iaea.org/pgaa/PGAAdatabase/reports/Mo/Mo_PGAA.html]
[www-nds.iaea.org/pgaa/PGAAdatabase/reports/Tc/Tc_PGAA.html]
[www-nds.iaea.org/pgaa/PGAAdatabase/reports/Ru/Ru_PGAA.html]
[www-nds.iaea.org/pgaa/PGAAdatabase/reports/Rh/Rh_PGAA.html]
[www-nds.iaea.org/pgaa/PGAAdatabase/reports/Pd/Pd_PGAA.html]
[www-nds.iaea.org/pgaa/PGAAdatabase/reports/Ag/Ag_PGAA.html]
[www-nds.iaea.org/pgaa/PGAAdatabase/reports/Cd/Cd_PGAA.html]
[www-nds.iaea.org/pgaa/PGAAdatabase/reports/In/In_PGAA.html]
[www-nds.iaea.org/pgaa/PGAAdatabase/reports/Sn/Sn_PGAA.html]
[www-nds.iaea.org/pgaa/PGAAdatabase/reports/Sb/Sb_PGAA.html]
[www-nds.iaea.org/pgaa/PGAAdatabase/reports/Te/Te_PGAA.html]
[www-nds.iaea.org/pgaa/PGAAdatabase/reports/I/I_PGAA.html]
[www-nds.iaea.org/pgaa/PGAAdatabase/reports/Xe/Xe_PGAA.html]
[www-nds.iaea.org/pgaa/PGAAdatabase/reports/Cs/Cs_PGAA.html]
[www-nds.iaea.org/pgaa/PGAAdatabase/reports/Ba/Ba_PGAA.html]
[www-nds.iaea.org/pgaa/PGAAdatabase/reports/La/La_PGAA.html]
[www-nds.iaea.org/pgaa/PGAAdatabase/reports/Hf/Hf_PGAA.html]
[www-nds.iaea.org/pgaa/PGAAdatabase/reports/Ta/Ta_PGAA.html]
[www-nds.iaea.org/pgaa/PGAAdatabase/reports/W/W_PGAA.html]
[www-nds.iaea.org/pgaa/PGAAdatabase/reports/Re/Re_PGAA.html]
[www-nds.iaea.org/pgaa/PGAAdatabase/reports/Os/Os_PGAA.html]
[www-nds.iaea.org/pgaa/PGAAdatabase/reports/Ir/Ir_PGAA.html]
[www-nds.iaea.org/pgaa/PGAAdatabase/reports/Pt/Pt_PGAA.html]
[www-nds.iaea.org/pgaa/PGAAdatabase/reports/Au/Au_PGAA.html]
[www-nds.iaea.org/pgaa/PGAAdatabase/reports/Hg/Hg_PGAA.html]
[www-nds.iaea.org/pgaa/PGAAdatabase/reports/Tl/Tl_PGAA.html]
[www-nds.iaea.org/pgaa/PGAAdatabase/reports/Pb/Pb_PGAA.html]
[www-nds.iaea.org/pgaa/PGAAdatabase/reports/Bi/Bi_PGAA.html]
[www-nds.iaea.org/pgaa/PGAAdatabase/reports/Po/Po_PGAA.htm/index.html]
[www-nds.iaea.org/pgaa/PGAAdatabase/reports/At/At_PGAA.htm/index.html]
[www-nds.iaea.org/pgaa/PGAAdatabase/reports/Rn/Rn_PGAA.htm/index.html]
[www-nds.iaea.org/pgaa/PGAAdatabase/reports/Fr/Fr_PGAA.htm/index.html]
[www-nds.iaea.org/pgaa/PGAAdatabase/reports/Ra/Ra_PGAA.htm/index.html]
[www-nds.iaea.org/pgaa/PGAAdatabase/reports/Ac/Ac_PGAA.htm/index.html]
[www-nds.iaea.org/pgaa/PGAAdatabase/reports/Rf/Rf_PGAA.htm/index.html]
[www-nds.iaea.org/pgaa/PGAAdatabase/reports/Db/Db_PGAA.htm/index.html]
[www-nds.iaea.org/pgaa/PGAAdatabase/reports/Sg/Sg_PGAA.htm/index.html]
[www-nds.iaea.org/pgaa/PGAAdatabase/reports/Bh/Bh_PGAA.htm/index.html]
[www-nds.iaea.org/pgaa/PGAAdatabase/reports/Hs/Hs_PGAA.htm/index.html]
[www-nds.iaea.org/pgaa/PGAAdatabase/reports/Mt/Mt_PGAA.htm/index.html]
[www-nds.iaea.org/pgaa/PGAAdatabase/reports/110/10_PGAA.htm/index.html]
[www-nds.iaea.org/pgaa/PGAAdatabase/reports/111/11_PGAA.htm/index.html]
[www-nds.iaea.org/pgaa/PGAAdatabase/reports/112/12_PGAA.htm/index.html]
[www-nds.iaea.org/pgaa/PGAAdatabase/reports/114/14_PGAA.htm/index.html]
[www-nds.iaea.org/pgaa/PGAAdatabase/reports/116/16_PGAA.htm/index.html]
[www-nds.iaea.org/pgaa/PGAAdatabase/reports/118/18_PGAA.htm/index.html]
[www-nds.iaea.org/pgaa/PGAAdatabase/reports/Ce/Ce_PGAA.html]
[www-nds.iaea.org/pgaa/PGAAdatabase/reports/Pr/Pr_PGAA.html]
[www-nds.iaea.org/pgaa/PGAAdatabase/reports/Nd/Nd_PGAA.html]
[www-nds.iaea.org/pgaa/PGAAdatabase/reports/Pm/Pm_PGAA.html]
[www-nds.iaea.org/pgaa/PGAAdatabase/reports/Sm/Sm_PGAA.html]
[www-nds.iaea.org/pgaa/PGAAdatabase/reports/Eu/Eu_PGAA.html]
[www-nds.iaea.org/pgaa/PGAAdatabase/reports/Gd/Gd_PGAA.html]
[www-nds.iaea.org/pgaa/PGAAdatabase/reports/Tb/Tb_PGAA.html]
[www-nds.iaea.org/pgaa/PGAAdatabase/reports/Dy/Dy_PGAA.html]
[www-nds.iaea.org/pgaa/PGAAdatabase/reports/Ho/Ho_PGAA.html]
[www-nds.iaea.org/pgaa/PGAAdatabase/reports/Er/Er_PGAA.html]
[www-nds.iaea.org/pgaa/PGAAdatabase/reports/Tm/Tm_PGAA.html]
[www-nds.iaea.org/pgaa/PGAAdatabase/reports/Yb/Yb_PGAA.html]
[www-nds.iaea.org/pgaa/PGAAdatabase/reports/Lu/Lu_PGAA.html]
[www-nds.iaea.org/pgaa/PGAAdatabase/reports/Th/Th_PGAA.html]
[www-nds.iaea.org/pgaa/PGAAdatabase/reports/Pa/Pa_PGAA.htm/index.html]
[www-nds.iaea.org/pgaa/PGAAdatabase/reports/U/U_PGAA.html]
[www-nds.iaea.org/pgaa/PGAAdatabase/reports/Np/Np_PGAA.htm/index.html]
[www-nds.iaea.org/pgaa/PGAAdatabase/reports/Pu/Pu_PGAA.htm/index.html]
[www-nds.iaea.org/pgaa/PGAAdatabase/reports/Am/Am_PGAA.htm/index.html]
[www-nds.iaea.org/pgaa/PGAAdatabase/reports/Cm/Cm_PGAA.htm/index.html]
[www-nds.iaea.org/pgaa/PGAAdatabase/reports/Bk/Bk_PGAA.htm/index.html]
[www-nds.iaea.org/pgaa/PGAAdatabase/reports/Cf/Cf_PGAA.htm/index.html]
[www-nds.iaea.org/pgaa/PGAAdatabase/reports/Es/Es_PGAA.htm/index.html]
[www-nds.iaea.org/pgaa/PGAAdatabase/reports/Fm/Fm_PGAA.htm/index.html]
[www-nds.iaea.org/pgaa/PGAAdatabase/reports/Md/Md_PGAA.htm/index.html]
[www-nds.iaea.org/pgaa/PGAAdatabase/reports/No/No_PGAA.htm/index.html]
[www-nds.iaea.org/pgaa/PGAAdatabase/reports/Lr/Lr_PGAA.htm/index.html]
[www-nds.iaea.org/pgaa/PGAAdatabase/pgaa.html]
[www-nds.iaea.org/pgaa/iaeapgaacrp.HTM/index.html]
[www-nds.iaea.org/cdn-cgi/challenge-platform/h/b/scripts/cb/invisibled53d.js]
[www-nds.iaea.org/pgaa/PGAAdatabase/lanl/lanl.htm/index.html]
[www-nds.iaea.org/pgaa/isoexpl/ietour30.html]
[www-nds.iaea.org/pgaa/isoexpl/images/iecoin.gif]
[www-nds.iaea.org/pgaa/isoexpl/ietour20.html]
[www-nds.iaea.org/pgaa/isoexpl/iecoin01.html]
[www-nds.iaea.org/pgaa/pgaa7/small/iso.js]
[www-nds.iaea.org/pgaa/pgaa7/small/ele.js]
[www-nds.iaea.org/pgaa/pgaa7/small/iaeabw.gif]
[www-nds.iaea.org/pgaa/pgaa7/small/gam.js]
[www-nds.iaea.org/pgaa/pgaa7/small/per.js]
[www-nds.iaea.org/pgaa/pgaa7/small/ele.html]
[www-nds.iaea.org/pgaa/pgaa7/small/eleiso.html]
[www-nds.iaea.org/pgaa/pgaa7/small/pgaadata.zip]
[www-nds.iaea.org/pgaa/pgaa7/small/index2.html]
[www-nds.iaea.org/pgaa/pgaa7/small/gif/h1-102.gif/index.html]
[www-nds.iaea.org/pgaa/pgaa7/iaeabw.gif]
[www-nds.iaea.org/pgaa/pgaa7/index2.html]
[www-nds.iaea.org/pgaa/pgaa7/index1.html]
[www-nds.iaea.org/pgaa/pgaa7/ele.html]
[www-nds.iaea.org/pgaa/pgaa7/eleiso.html]
[www-nds.iaea.org/pgaa/pgaa7/gif/h1-102.gif/index.html]
[www-nds.iaea.org/pgaa/PGAAdatabase/LANL/CD-ROM/IAEA-NDS-209.pdf]
[www-nds.iaea.org/pgaa/PGAAdatabase/LANL/CD-ROM/Frankle/index.html]
[www-nds.iaea.org/pgaa/pgaa7/gam.js]
[www-nds.iaea.org/pgaa/PGAAdatabase/LANL/CD-ROM/DescriptionTables.html]
[www-nds.iaea.org/pgaa/PGAAdatabase/LANL/CD-ROM/PromptGamma-LANL.html]
[www-nds.iaea.org/pgaa/PGAAdatabase/LANL/CD-ROM/documents.html]
[www-nds.iaea.org/pgaa/PGAAdatabase/LANL/isotopic/isotopic.html]
[www-nds.iaea.org/pgaa/PGAAdatabase/LANL/la-ur-01-4984.pdf]
[www-nds.iaea.org/pgaa/PGAAdatabase/LANL/isotopic/isotopic.xls]
[www-nds.iaea.org/pgaa/PGAAdatabase/LANL/isotopic/10Ne20/index.html]
[www-nds.iaea.org/pgaa/PGAAdatabase/LANL/ensdf/32P_lanl.ens/index.html]
[www-nds.iaea.org/pgaa/PGAAdatabase/LANL/isotopic/22cu65/index.html]
[www-nds.iaea.org/pgaa/PGAAdatabase/LANL/ensdf/76ge_lanl.ens/index.html]
[www-nds.iaea.org/pgaa/PGAAdatabase/LANL/lanl.html]
[www-nds.iaea.org/pgaa/PGAAdatabase/lone/nodata.txt]
[www-nds.iaea.org/pgaa/PGAAdatabase/lone/H.txt]
[www-nds.iaea.org/pgaa/PGAAdatabase/lone/Li.txt]
[www-nds.iaea.org/pgaa/PGAAdatabase/lone/Be.txt]
[www-nds.iaea.org/pgaa/PGAAdatabase/lone/B.txt]
[www-nds.iaea.org/pgaa/PGAAdatabase/lone/C.txt]
[www-nds.iaea.org/pgaa/PGAAdatabase/lone/N.txt]
[www-nds.iaea.org/pgaa/PGAAdatabase/lone/O.txt]
[www-nds.iaea.org/pgaa/PGAAdatabase/lone/F.txt]
[www-nds.iaea.org/pgaa/PGAAdatabase/lone/Ne.txt]
[www-nds.iaea.org/pgaa/PGAAdatabase/lone/Na.txt]
[www-nds.iaea.org/pgaa/PGAAdatabase/lone/Mg.txt]
[www-nds.iaea.org/pgaa/PGAAdatabase/lone/Al.txt]
[www-nds.iaea.org/pgaa/PGAAdatabase/lone/Si.txt]
[www-nds.iaea.org/pgaa/PGAAdatabase/lone/P.txt]
[www-nds.iaea.org/pgaa/PGAAdatabase/lone/S.txt]
[www-nds.iaea.org/pgaa/PGAAdatabase/lone/Cl.txt]
[www-nds.iaea.org/pgaa/PGAAdatabase/lone/Ar.txt]
[www-nds.iaea.org/pgaa/PGAAdatabase/lone/K.txt]
[www-nds.iaea.org/pgaa/PGAAdatabase/lone/Ca.txt]
[www-nds.iaea.org/pgaa/PGAAdatabase/lone/Sc.txt]
[www-nds.iaea.org/pgaa/PGAAdatabase/lone/Ti.txt]
[www-nds.iaea.org/pgaa/PGAAdatabase/lone/V.txt]
[www-nds.iaea.org/pgaa/PGAAdatabase/lone/Cr.txt]
[www-nds.iaea.org/pgaa/PGAAdatabase/lone/Mn.txt]
[www-nds.iaea.org/pgaa/PGAAdatabase/lone/Fe.txt]
[www-nds.iaea.org/pgaa/PGAAdatabase/lone/Co.txt]
[www-nds.iaea.org/pgaa/PGAAdatabase/lone/Ni.txt]
[www-nds.iaea.org/pgaa/PGAAdatabase/lone/Cu.txt]
[www-nds.iaea.org/pgaa/PGAAdatabase/lone/Zn.txt]
[www-nds.iaea.org/pgaa/PGAAdatabase/lone/Ga.txt]
[www-nds.iaea.org/pgaa/PGAAdatabase/lone/Ge.txt]
[www-nds.iaea.org/pgaa/PGAAdatabase/lone/As.txt]
[www-nds.iaea.org/pgaa/PGAAdatabase/lone/Se.txt]
[www-nds.iaea.org/pgaa/PGAAdatabase/lone/Br.txt]
[www-nds.iaea.org/pgaa/PGAAdatabase/lone/Kr.txt]
[www-nds.iaea.org/pgaa/PGAAdatabase/lone/Rb.txt]
[www-nds.iaea.org/pgaa/PGAAdatabase/lone/Sr.txt]
[www-nds.iaea.org/pgaa/PGAAdatabase/lone/Y.txt]
[www-nds.iaea.org/pgaa/PGAAdatabase/lone/Zr.txt]
[www-nds.iaea.org/pgaa/PGAAdatabase/lone/Nb.txt]
[www-nds.iaea.org/pgaa/PGAAdatabase/lone/Mo.txt]
[www-nds.iaea.org/pgaa/PGAAdatabase/lone/Tc.txt]
[www-nds.iaea.org/pgaa/PGAAdatabase/lone/Ru.txt]
[www-nds.iaea.org/pgaa/PGAAdatabase/lone/Rh.txt]
[www-nds.iaea.org/pgaa/PGAAdatabase/lone/Pd.txt]
[www-nds.iaea.org/pgaa/PGAAdatabase/lone/Ag.txt]
[www-nds.iaea.org/pgaa/PGAAdatabase/lone/Cd.txt]
[www-nds.iaea.org/pgaa/PGAAdatabase/lone/In.txt]
[www-nds.iaea.org/pgaa/PGAAdatabase/lone/Sn.txt]
[www-nds.iaea.org/pgaa/PGAAdatabase/lone/Sb.txt]
[www-nds.iaea.org/pgaa/PGAAdatabase/lone/Te.txt]
[www-nds.iaea.org/pgaa/PGAAdatabase/lone/I.txt]
[www-nds.iaea.org/pgaa/PGAAdatabase/lone/Xe.txt]
[www-nds.iaea.org/pgaa/PGAAdatabase/lone/Cs.txt]
[www-nds.iaea.org/pgaa/PGAAdatabase/lone/Ba.txt]
[www-nds.iaea.org/pgaa/PGAAdatabase/lone/La.txt]
[www-nds.iaea.org/pgaa/PGAAdatabase/lone/Hf.txt]
[www-nds.iaea.org/pgaa/PGAAdatabase/lone/Ta.txt]
[www-nds.iaea.org/pgaa/PGAAdatabase/lone/W.txt]
[www-nds.iaea.org/pgaa/PGAAdatabase/lone/Re.txt]
[www-nds.iaea.org/pgaa/PGAAdatabase/lone/Os.txt]
[www-nds.iaea.org/pgaa/PGAAdatabase/lone/Ir.txt]
[www-nds.iaea.org/pgaa/PGAAdatabase/lone/Pt.txt]
[www-nds.iaea.org/pgaa/PGAAdatabase/lone/Au.txt]
[www-nds.iaea.org/pgaa/PGAAdatabase/lone/Hg.txt]
[www-nds.iaea.org/pgaa/PGAAdatabase/lone/Tl.txt]
[www-nds.iaea.org/pgaa/PGAAdatabase/lone/Pb.txt]
[www-nds.iaea.org/pgaa/PGAAdatabase/lone/Bi.txt]
[www-nds.iaea.org/pgaa/PGAAdatabase/lone/Ce.txt]
[www-nds.iaea.org/pgaa/PGAAdatabase/lone/Pr.txt]
[www-nds.iaea.org/pgaa/PGAAdatabase/lone/Nd.txt]
[www-nds.iaea.org/pgaa/PGAAdatabase/lone/Sm.txt]
[www-nds.iaea.org/pgaa/PGAAdatabase/lone/Eu.txt]
[www-nds.iaea.org/pgaa/PGAAdatabase/lone/Gd.txt]
[www-nds.iaea.org/pgaa/PGAAdatabase/lone/Tb.txt]
[www-nds.iaea.org/pgaa/PGAAdatabase/lone/Dy.txt]
[www-nds.iaea.org/pgaa/PGAAdatabase/lone/Ho.txt]
[www-nds.iaea.org/pgaa/PGAAdatabase/lone/Er.txt]
[www-nds.iaea.org/pgaa/PGAAdatabase/lone/Tm.txt]
[www-nds.iaea.org/pgaa/PGAAdatabase/lone/Yb.txt]
[www-nds.iaea.org/pgaa/PGAAdatabase/lone/Lu.txt]
[www-nds.iaea.org/pgaa/PGAAdatabase/lone/Th.txt]
[www-nds.iaea.org/pgaa/PGAAdatabase/lone/lone.html]
[www-nds.iaea.org/pgaa/PGAAdatabase/lone/Pu.txt]
[www-nds.iaea.org/pgaa/PGAAdatabase/reports/nn/nn_PGAA.html]
[www-nds.iaea.org/cdn-cgi/challenge-platform/h/b/scripts/cb/invisiblebdc2.js]
[www-nds.iaea.org/pgaa/PGAAdatabase/reports/nn/rbfcv.html/index.html]
[www-nds.iaea.org/pgaa/PGAAdatabase/reports/H/2H.ens/index.html]
[www-nds.iaea.org/pgaa/PGAAdatabase/reports/H/1h(n,g).pdf]
[www-nds.iaea.org/pgaa/PGAAdatabase/reports/H/b2H.ens/index.html]
[www-nds.iaea.org/pgaa/PGAAdatabase/reports/H/3H.ens/index.html]
[www-nds.iaea.org/pgaa/PGAAdatabase/reports/H/b3H.ens/index.html]
[www-nds.iaea.org/pgaa/PGAAdatabase/reports/H/2h(n,g).pdf]
[www-nds.iaea.org/pgaa/PGAAdatabase/reports/H/h.txt]
[www-nds.iaea.org/pgaa/PGAAdatabase/reports/H/H_PGAA.html]
[www-nds.iaea.org/pgaa/PGAAdatabase/reports/H/h_report.htm/index.html]
[www-nds.iaea.org/pgaa/PGAAdatabase/reports/He/3he(n,g).pdf]
[www-nds.iaea.org/pgaa/PGAAdatabase/reports/He/4he_adopt.ens/index.html]
[www-nds.iaea.org/pgaa/PGAAdatabase/reports/He/He_PGAA.html]
[www-nds.iaea.org/pgaa/PGAAdatabase/reports/He/He_report.html]
[www-nds.iaea.org/pgaa/PGAAdatabase/reports/Li/7Li.ens/index.html]
[www-nds.iaea.org/pgaa/PGAAdatabase/reports/Li/b7Li.ens/index.html]
[www-nds.iaea.org/pgaa/PGAAdatabase/reports/Li/7Li.txt/index.html]
[www-nds.iaea.org/pgaa/PGAAdatabase/reports/Li/b7Li.txt/index.html]
[www-nds.iaea.org/pgaa/PGAAdatabase/reports/Li/7Li_e.txt/index.html]
[www-nds.iaea.org/pgaa/PGAAdatabase/reports/Li/b7Li_e.txt/index.html]
[www-nds.iaea.org/pgaa/PGAAdatabase/reports/Li/6li(n,g).pdf]
[www-nds.iaea.org/pgaa/PGAAdatabase/reports/Li/7li_adopt.txt]
[www-nds.iaea.org/pgaa/PGAAdatabase/reports/Li/7li_fit.txt]
[www-nds.iaea.org/pgaa/PGAAdatabase/reports/Li/8li.txt]
[www-nds.iaea.org/pgaa/PGAAdatabase/reports/Li/b8li.txt]
[www-nds.iaea.org/pgaa/PGAAdatabase/reports/Li/8li_e.txt]
[www-nds.iaea.org/pgaa/PGAAdatabase/reports/Li/b8li_e.txt]
[www-nds.iaea.org/pgaa/PGAAdatabase/reports/Li/7li(n,g).pdf]
[www-nds.iaea.org/pgaa/PGAAdatabase/reports/Li/8li_adopt.txt]
[www-nds.iaea.org/pgaa/PGAAdatabase/reports/Li/8li_fit.txt]
[www-nds.iaea.org/pgaa/PGAAdatabase/reports/Li/li.txt]
[www-nds.iaea.org/pgaa/PGAAdatabase/reports/Li/Li_PGAA.html]
[www-nds.iaea.org/pgaa/PGAAdatabase/reports/Li/li_report.htm/index.html]
[www-nds.iaea.org/pgaa/PGAAdatabase/reports/Be/10be.txt]
[www-nds.iaea.org/pgaa/PGAAdatabase/reports/Be/b10be.txt]
[www-nds.iaea.org/pgaa/PGAAdatabase/reports/Be/10be_e.txt]
[www-nds.iaea.org/pgaa/PGAAdatabase/reports/Be/b10be_e.txt]
[www-nds.iaea.org/pgaa/PGAAdatabase/reports/Be/9be(n,g).pdf]
[www-nds.iaea.org/pgaa/PGAAdatabase/reports/Be/10be_adopt.txt]
[www-nds.iaea.org/pgaa/PGAAdatabase/reports/Be/10be_fit.txt]
[www-nds.iaea.org/pgaa/PGAAdatabase/reports/Be/be.txt]
[www-nds.iaea.org/pgaa/PGAAdatabase/reports/Be/Be_PGAA.html]
[www-nds.iaea.org/pgaa/PGAAdatabase/reports/Be/be_report.htm/index.html]
[www-nds.iaea.org/pgaa/PGAAdatabase/reports/B/11b.txt]
[www-nds.iaea.org/pgaa/PGAAdatabase/reports/B/11b_e.txt]
[www-nds.iaea.org/pgaa/PGAAdatabase/reports/B/10b(n,g).pdf/index.html]
[www-nds.iaea.org/pgaa/PGAAdatabase/reports/B/11b_adopt.txt]
[www-nds.iaea.org/pgaa/PGAAdatabase/reports/B/7li_a.ens/index.html]
[www-nds.iaea.org/pgaa/PGAAdatabase/reports/B/b7li_a.ens/index.html]
[www-nds.iaea.org/pgaa/PGAAdatabase/reports/B/10b(n,a).pdf/index.html]
[www-nds.iaea.org/pgaa/PGAAdatabase/reports/B/11b(n,g).pdf/index.html]
[www-nds.iaea.org/pgaa/PGAAdatabase/reports/B/b.txt]
[www-nds.iaea.org/pgaa/PGAAdatabase/reports/B/B_PGAA.html]
[www-nds.iaea.org/pgaa/PGAAdatabase/reports/B/b_report.htm/index.html]
[www-nds.iaea.org/pgaa/PGAAdatabase/reports/C/13c.txt]
[www-nds.iaea.org/pgaa/PGAAdatabase/reports/C/b13c.txt]
[www-nds.iaea.org/pgaa/PGAAdatabase/reports/C/13c_e.txt]
[www-nds.iaea.org/pgaa/PGAAdatabase/reports/C/b13c_e.txt]
[www-nds.iaea.org/pgaa/PGAAdatabase/reports/C/12c(n,g).pdf]
[www-nds.iaea.org/pgaa/PGAAdatabase/reports/C/13c_adopt.txt]
[www-nds.iaea.org/pgaa/PGAAdatabase/reports/C/13c_fit.txt]
[www-nds.iaea.org/pgaa/PGAAdatabase/reports/C/14c.txt]
[www-nds.iaea.org/pgaa/PGAAdatabase/reports/C/14c_e.txt]
[www-nds.iaea.org/pgaa/PGAAdatabase/reports/C/b14c.txt/index.html]
[www-nds.iaea.org/pgaa/PGAAdatabase/reports/C/b14c_e.txt]
[www-nds.iaea.org/pgaa/PGAAdatabase/reports/C/13c(n,g).pdf]
[www-nds.iaea.org/pgaa/PGAAdatabase/reports/C/14c_adopt.txt]
[www-nds.iaea.org/pgaa/PGAAdatabase/reports/C/14c_fit.txt]
[www-nds.iaea.org/pgaa/PGAAdatabase/reports/C/14c(n,g).pdf]
[www-nds.iaea.org/pgaa/PGAAdatabase/reports/C/c.txt]
[www-nds.iaea.org/pgaa/PGAAdatabase/reports/C/C_PGAA.html]
[www-nds.iaea.org/pgaa/PGAAdatabase/reports/C/c_report.htm/index.html]
[www-nds.iaea.org/pgaa/PGAAdatabase/reports/N/15n.txt]
[www-nds.iaea.org/pgaa/PGAAdatabase/reports/N/b15n.txt]
[www-nds.iaea.org/pgaa/PGAAdatabase/reports/N/15n_e.txt]
[www-nds.iaea.org/pgaa/PGAAdatabase/reports/N/b15n_e.txt]
[www-nds.iaea.org/pgaa/PGAAdatabase/reports/N/14n(n,g).pdf]
[www-nds.iaea.org/pgaa/PGAAdatabase/reports/N/15n_adopt.txt]
[www-nds.iaea.org/pgaa/PGAAdatabase/reports/N/15n(n,g).pdf]
[www-nds.iaea.org/pgaa/PGAAdatabase/reports/N/15n_fit.txt]
[www-nds.iaea.org/pgaa/PGAAdatabase/reports/N/n.txt]
[www-nds.iaea.org/pgaa/PGAAdatabase/reports/N/N_PGAA.html]
[www-nds.iaea.org/pgaa/PGAAdatabase/reports/N/N_report.html]
[www-nds.iaea.org/pgaa/PGAAdatabase/reports/O/17o.txt]
[www-nds.iaea.org/pgaa/PGAAdatabase/reports/O/b17o.txt]
[www-nds.iaea.org/pgaa/PGAAdatabase/reports/O/17o_e.txt]
[www-nds.iaea.org/pgaa/PGAAdatabase/reports/O/b17o_e.txt]
[www-nds.iaea.org/pgaa/PGAAdatabase/reports/O/16o(n,g).pdf]
[www-nds.iaea.org/pgaa/PGAAdatabase/reports/O/17o_adopt.txt]
[www-nds.iaea.org/pgaa/PGAAdatabase/reports/O/17o_fit.txt]
[www-nds.iaea.org/pgaa/PGAAdatabase/reports/O/18o.txt]
[www-nds.iaea.org/pgaa/PGAAdatabase/reports/O/18o_e.txt]
[www-nds.iaea.org/pgaa/PGAAdatabase/reports/O/17o(n,g).pdf]
[www-nds.iaea.org/pgaa/PGAAdatabase/reports/O/18o_adopt.txt]
[www-nds.iaea.org/pgaa/PGAAdatabase/reports/O/18o(n,g).pdf]
[www-nds.iaea.org/pgaa/PGAAdatabase/reports/O/o.txt]
[www-nds.iaea.org/pgaa/PGAAdatabase/reports/O/O_PGAA.html]
[www-nds.iaea.org/pgaa/PGAAdatabase/reports/O/O_report.html]
[www-nds.iaea.org/pgaa/PGAAdatabase/reports/F/20f.txt]
[www-nds.iaea.org/pgaa/PGAAdatabase/reports/F/b20f.txt]
[www-nds.iaea.org/pgaa/PGAAdatabase/reports/F/20f_e.txt]
[www-nds.iaea.org/pgaa/PGAAdatabase/reports/F/b20f_e.txt]
[www-nds.iaea.org/pgaa/PGAAdatabase/reports/F/19f(n,g).pdf]
[www-nds.iaea.org/pgaa/PGAAdatabase/reports/F/20f_adopt.txt]
[www-nds.iaea.org/pgaa/PGAAdatabase/reports/F/f.txt]
[www-nds.iaea.org/pgaa/PGAAdatabase/reports/F/F_PGAA.html]
[www-nds.iaea.org/pgaa/PGAAdatabase/reports/F/20f_fit.txt]
[www-nds.iaea.org/pgaa/PGAAdatabase/reports/F/VDz_iN56RjUEli5nPhqPjMYy09GzgSxmPspj.CJ8mv4-167/index.html]
[www-nds.iaea.org/pgaa/PGAAdatabase/reports/F/F_report.html]
[www-nds.iaea.org/pgaa/PGAAdatabase/reports/Ne/21Ne.ens/index.html]
[www-nds.iaea.org/pgaa/PGAAdatabase/reports/Ne/21ne.txt]
[www-nds.iaea.org/pgaa/PGAAdatabase/reports/Ne/21ne_e.txt]
[www-nds.iaea.org/pgaa/PGAAdatabase/reports/Ne/20ne(n,g).pdf]
[www-nds.iaea.org/pgaa/PGAAdatabase/reports/Ne/21ne_adopt.txt]
[www-nds.iaea.org/pgaa/PGAAdatabase/reports/Ne/22ne.txt]
[www-nds.iaea.org/pgaa/PGAAdatabase/reports/Ne/22ne_e.txt]
[www-nds.iaea.org/pgaa/PGAAdatabase/reports/Ne/21ne(n,g).pdf]
[www-nds.iaea.org/pgaa/PGAAdatabase/reports/Ne/22ne_adopt.txt]
[www-nds.iaea.org/pgaa/PGAAdatabase/reports/Ne/23ne.txt]
[www-nds.iaea.org/pgaa/PGAAdatabase/reports/Ne/23ne_e.txt]
[www-nds.iaea.org/pgaa/PGAAdatabase/reports/Ne/22ne(n,g).pdf]
[www-nds.iaea.org/pgaa/PGAAdatabase/reports/Ne/23ne_adopt.txt]
[www-nds.iaea.org/pgaa/PGAAdatabase/reports/Ne/Ne_PGAA.html]
[www-nds.iaea.org/pgaa/PGAAdatabase/reports/Ne/Ne_report.html]
[www-nds.iaea.org/pgaa/PGAAdatabase/reports/Na/24na.txt]
[www-nds.iaea.org/pgaa/PGAAdatabase/reports/Na/b24na.txt]
[www-nds.iaea.org/pgaa/PGAAdatabase/reports/Na/24na_e.txt]
[www-nds.iaea.org/pgaa/PGAAdatabase/reports/Na/b24na_e.txt]
[www-nds.iaea.org/pgaa/PGAAdatabase/reports/Na/23na(n,g).pdf]
[www-nds.iaea.org/pgaa/PGAAdatabase/reports/Na/24na_adopt.txt]
[www-nds.iaea.org/pgaa/PGAAdatabase/reports/Na/Na_PGAA.html]
[www-nds.iaea.org/pgaa/PGAAdatabase/reports/Na/Na.txt/index.html]
[www-nds.iaea.org/pgaa/PGAAdatabase/reports/Na/24na_fit.txt]
[www-nds.iaea.org/pgaa/PGAAdatabase/reports/Na/Na_report.html]
[www-nds.iaea.org/pgaa/PGAAdatabase/reports/Mg/b25Mg.ens/index.html]
[www-nds.iaea.org/pgaa/PGAAdatabase/reports/Mg/25mg.txt]
[www-nds.iaea.org/pgaa/PGAAdatabase/reports/Mg/b25Mg.txt/index.html]
[www-nds.iaea.org/pgaa/PGAAdatabase/reports/Mg/25mg_e.txt/index.html]
[www-nds.iaea.org/pgaa/PGAAdatabase/reports/Mg/b25Mg_e.txt/index.html]
[www-nds.iaea.org/pgaa/PGAAdatabase/reports/Mg/24mg(n,g).pdf]
[www-nds.iaea.org/pgaa/PGAAdatabase/reports/Mg/25mg_adopt.txt]
[www-nds.iaea.org/pgaa/PGAAdatabase/reports/Mg/25mg_fit.txt]
[www-nds.iaea.org/pgaa/PGAAdatabase/reports/Mg/26mg.txt]
[www-nds.iaea.org/pgaa/PGAAdatabase/reports/Mg/b26Mg.ens/index.html]
[www-nds.iaea.org/pgaa/PGAAdatabase/reports/Mg/b26Mg.txt/index.html]
[www-nds.iaea.org/pgaa/PGAAdatabase/reports/Mg/26mg_e.txt/index.html]
[www-nds.iaea.org/pgaa/PGAAdatabase/reports/Mg/b26Mg_e.txt/index.html]
[www-nds.iaea.org/pgaa/PGAAdatabase/reports/Mg/25mg(n,g).pdf]
[www-nds.iaea.org/pgaa/PGAAdatabase/reports/Mg/26mg_adopt.txt]
[www-nds.iaea.org/pgaa/PGAAdatabase/reports/Mg/26mg_fit.txt]
[www-nds.iaea.org/pgaa/PGAAdatabase/reports/Mg/27mg.txt]
[www-nds.iaea.org/pgaa/PGAAdatabase/reports/Mg/b27Mg.ens/index.html]
[www-nds.iaea.org/pgaa/PGAAdatabase/reports/Mg/b27Mg.txt/index.html]
[www-nds.iaea.org/pgaa/PGAAdatabase/reports/Mg/27mg_e.txt/index.html]
[www-nds.iaea.org/pgaa/PGAAdatabase/reports/Mg/26mg(n,g).pdf]
[www-nds.iaea.org/pgaa/PGAAdatabase/reports/Mg/b27Mg_e.txt/index.html]
[www-nds.iaea.org/pgaa/PGAAdatabase/reports/Mg/27mg_adopt.txt]
[www-nds.iaea.org/pgaa/PGAAdatabase/reports/Mg/27mg_fit.txt]
[www-nds.iaea.org/pgaa/PGAAdatabase/reports/Mg/mg.txt]
[www-nds.iaea.org/pgaa/PGAAdatabase/reports/Mg/Mg_PGAA.html]
[www-nds.iaea.org/pgaa/PGAAdatabase/reports/Mg/Mg_report.html]
[www-nds.iaea.org/pgaa/PGAAdatabase/reports/Al/28al.txt]
[www-nds.iaea.org/pgaa/PGAAdatabase/reports/Al/b28al.txt]
[www-nds.iaea.org/pgaa/PGAAdatabase/reports/Al/28al_e.txt]
[www-nds.iaea.org/pgaa/PGAAdatabase/reports/Al/b28al_e.txt]
[www-nds.iaea.org/pgaa/PGAAdatabase/reports/Al/27al(n,g).pdf]
[www-nds.iaea.org/pgaa/PGAAdatabase/reports/Al/28al_adopt.txt]
[www-nds.iaea.org/pgaa/PGAAdatabase/reports/Al/al.txt]
[www-nds.iaea.org/pgaa/PGAAdatabase/reports/Al/Al_PGAA.html]
[www-nds.iaea.org/pgaa/PGAAdatabase/reports/Al/28al_fit.txt]
[www-nds.iaea.org/pgaa/PGAAdatabase/reports/Al/Al_report.html]
[www-nds.iaea.org/pgaa/PGAAdatabase/reports/Si/29si.txt]
[www-nds.iaea.org/pgaa/PGAAdatabase/reports/Si/b29si.txt]
[www-nds.iaea.org/pgaa/PGAAdatabase/reports/Si/29si_e.txt]
[www-nds.iaea.org/pgaa/PGAAdatabase/reports/Si/b29si_e.txt]
[www-nds.iaea.org/pgaa/PGAAdatabase/reports/Si/28si(n,g).pdf]
[www-nds.iaea.org/pgaa/PGAAdatabase/reports/Si/29si_adopt.txt]
[www-nds.iaea.org/pgaa/PGAAdatabase/reports/Si/29si_fit.txt]
[www-nds.iaea.org/pgaa/PGAAdatabase/reports/Si/30si.txt]
[www-nds.iaea.org/pgaa/PGAAdatabase/reports/Si/b30si.txt]
[www-nds.iaea.org/pgaa/PGAAdatabase/reports/Si/30si_e.txt]
[www-nds.iaea.org/pgaa/PGAAdatabase/reports/Si/b30si_e.txt]
[www-nds.iaea.org/pgaa/PGAAdatabase/reports/Si/29si(n,g).pdf]
[www-nds.iaea.org/pgaa/PGAAdatabase/reports/Si/30si_adopt.txt]
[www-nds.iaea.org/pgaa/PGAAdatabase/reports/Si/30si_fit.txt]
[www-nds.iaea.org/pgaa/PGAAdatabase/reports/Si/31si.txt]
[www-nds.iaea.org/pgaa/PGAAdatabase/reports/Si/b31si.txt]
[www-nds.iaea.org/pgaa/PGAAdatabase/reports/Si/31si_e.txt]
[www-nds.iaea.org/pgaa/PGAAdatabase/reports/Si/b31si_e.txt]
[www-nds.iaea.org/pgaa/PGAAdatabase/reports/Si/30si(n,g).pdf]
[www-nds.iaea.org/pgaa/PGAAdatabase/reports/Si/31si_adopt.txt]
[www-nds.iaea.org/pgaa/PGAAdatabase/reports/Si/31si_fit.txt]
[www-nds.iaea.org/pgaa/PGAAdatabase/reports/Si/si.txt]
[www-nds.iaea.org/pgaa/PGAAdatabase/reports/Si/Si_PGAA.html]
[www-nds.iaea.org/pgaa/PGAAdatabase/reports/Si/Si_report.html]
[www-nds.iaea.org/pgaa/PGAAdatabase/reports/P/32p.txt]
[www-nds.iaea.org/pgaa/PGAAdatabase/reports/P/b32p.txt]
[www-nds.iaea.org/pgaa/PGAAdatabase/reports/P/32p_e.txt]
[www-nds.iaea.org/pgaa/PGAAdatabase/reports/P/b32p_e.txt]
[www-nds.iaea.org/pgaa/PGAAdatabase/reports/P/31p(n,g).pdf]
[www-nds.iaea.org/pgaa/PGAAdatabase/reports/P/dec32p.ens/index.html]
[www-nds.iaea.org/pgaa/PGAAdatabase/reports/P/32p_adopt.txt]
[www-nds.iaea.org/pgaa/PGAAdatabase/reports/P/p.txt]
[www-nds.iaea.org/pgaa/PGAAdatabase/reports/P/32p_fit.txt]
[www-nds.iaea.org/pgaa/PGAAdatabase/reports/P/P_PGAA.html]
[www-nds.iaea.org/pgaa/PGAAdatabase/reports/P/P_report.html]
[www-nds.iaea.org/pgaa/PGAAdatabase/reports/S/33s.txt]
[www-nds.iaea.org/pgaa/PGAAdatabase/reports/S/b33s.txt]
[www-nds.iaea.org/pgaa/PGAAdatabase/reports/S/33s_e.txt]
[www-nds.iaea.org/pgaa/PGAAdatabase/reports/S/b33s_e.txt]
[www-nds.iaea.org/pgaa/PGAAdatabase/reports/S/32s(n,g).pdf]
[www-nds.iaea.org/pgaa/PGAAdatabase/reports/S/33s_adopt.txt]
[www-nds.iaea.org/pgaa/PGAAdatabase/reports/S/33s_fit.txt]
[www-nds.iaea.org/pgaa/PGAAdatabase/reports/S/34s.txt]
[www-nds.iaea.org/pgaa/PGAAdatabase/reports/S/b34s.txt]
[www-nds.iaea.org/pgaa/PGAAdatabase/reports/S/34s_e.txt]
[www-nds.iaea.org/pgaa/PGAAdatabase/reports/S/b34s_e.txt]
[www-nds.iaea.org/pgaa/PGAAdatabase/reports/S/33s(n,g).pdf]
[www-nds.iaea.org/pgaa/PGAAdatabase/reports/S/34s_adopt.txt]
[www-nds.iaea.org/pgaa/PGAAdatabase/reports/S/34s_fit.txt]
[www-nds.iaea.org/pgaa/PGAAdatabase/reports/S/35s.txt]
[www-nds.iaea.org/pgaa/PGAAdatabase/reports/S/b35s.txt]
[www-nds.iaea.org/pgaa/PGAAdatabase/reports/S/35s_e.txt]
[www-nds.iaea.org/pgaa/PGAAdatabase/reports/S/b35s_e.txt]
[www-nds.iaea.org/pgaa/PGAAdatabase/reports/S/34s(n,g).pdf]
[www-nds.iaea.org/pgaa/PGAAdatabase/reports/S/35s_adopt.txt]
[www-nds.iaea.org/pgaa/PGAAdatabase/reports/S/35s_fit.txt]
[www-nds.iaea.org/pgaa/PGAAdatabase/reports/S/37s.txt]
[www-nds.iaea.org/pgaa/PGAAdatabase/reports/S/b37s.txt]
[www-nds.iaea.org/pgaa/PGAAdatabase/reports/S/37s_e.txt]
[www-nds.iaea.org/pgaa/PGAAdatabase/reports/S/b37s_e.txt]
[www-nds.iaea.org/pgaa/PGAAdatabase/reports/S/36s(n,g).pdf]
[www-nds.iaea.org/pgaa/PGAAdatabase/reports/S/37s_adopt.txt]
[www-nds.iaea.org/pgaa/PGAAdatabase/reports/S/37s_fit.txt]
[www-nds.iaea.org/pgaa/PGAAdatabase/reports/S/s.txt]
[www-nds.iaea.org/pgaa/PGAAdatabase/reports/S/S_PGAA.html]
[www-nds.iaea.org/pgaa/PGAAdatabase/reports/S/S_report.html]
[www-nds.iaea.org/pgaa/PGAAdatabase/reports/Cl/36cl.txt]
[www-nds.iaea.org/pgaa/PGAAdatabase/reports/Cl/b36cl.txt]
[www-nds.iaea.org/pgaa/PGAAdatabase/reports/Cl/36cl_e.txt]
[www-nds.iaea.org/pgaa/PGAAdatabase/reports/Cl/b36cl_e.txt]
[www-nds.iaea.org/pgaa/PGAAdatabase/reports/Cl/35cl(n,g).pdf]
[www-nds.iaea.org/pgaa/PGAAdatabase/reports/Cl/36cl_2.txt]
[www-nds.iaea.org/pgaa/PGAAdatabase/reports/Cl/36cl_2_e.txt]
[www-nds.iaea.org/pgaa/PGAAdatabase/reports/Cl/36cl_adopt.txt]
[www-nds.iaea.org/pgaa/PGAAdatabase/reports/Cl/38cl.txt]
[www-nds.iaea.org/pgaa/PGAAdatabase/reports/Cl/36cl_fit.txt]
[www-nds.iaea.org/pgaa/PGAAdatabase/reports/Cl/b38cl.txt]
[www-nds.iaea.org/pgaa/PGAAdatabase/reports/Cl/38cl_e.txt]
[www-nds.iaea.org/pgaa/PGAAdatabase/reports/Cl/b38cl_e.txt]
[www-nds.iaea.org/pgaa/PGAAdatabase/reports/Cl/37cl(n,g).pdf]
[www-nds.iaea.org/pgaa/PGAAdatabase/reports/Cl/38cl_adopt.txt]
[www-nds.iaea.org/pgaa/PGAAdatabase/reports/Cl/38cl_fit.txt]
[www-nds.iaea.org/pgaa/PGAAdatabase/reports/Cl/Cl_PGAA.html]
[www-nds.iaea.org/pgaa/PGAAdatabase/reports/Cl/cl.txt]
[www-nds.iaea.org/pgaa/PGAAdatabase/reports/Cl/Cl_report.html]
[www-nds.iaea.org/pgaa/PGAAdatabase/reports/Ar/37ar.txt]
[www-nds.iaea.org/pgaa/PGAAdatabase/reports/Ar/37ar_e.txt]
[www-nds.iaea.org/pgaa/PGAAdatabase/reports/Ar/36ar(n,g).pdf]
[www-nds.iaea.org/pgaa/PGAAdatabase/reports/Ar/37ar_adopt.txt]
[www-nds.iaea.org/pgaa/PGAAdatabase/reports/Ar/38ar(n,g).pdf]
[www-nds.iaea.org/pgaa/PGAAdatabase/reports/Ar/41ar.txt]
[www-nds.iaea.org/pgaa/PGAAdatabase/reports/Ar/41ar_e.txt]
[www-nds.iaea.org/pgaa/PGAAdatabase/reports/Ar/40ar(n,g).pdf]
[www-nds.iaea.org/pgaa/PGAAdatabase/reports/Ar/41ar_adopt.txt]
[www-nds.iaea.org/pgaa/PGAAdatabase/reports/Ar/Ar_PGAA.html]
[www-nds.iaea.org/pgaa/PGAAdatabase/reports/Ar/Ar_report.html]
[www-nds.iaea.org/pgaa/PGAAdatabase/reports/K/40k.txt]
[www-nds.iaea.org/pgaa/PGAAdatabase/reports/K/b40k.txt]
[www-nds.iaea.org/pgaa/PGAAdatabase/reports/K/40k_e.txt]
[www-nds.iaea.org/pgaa/PGAAdatabase/reports/K/b40k_e.txt]
[www-nds.iaea.org/pgaa/PGAAdatabase/reports/K/39k(n,g).pdf]
[www-nds.iaea.org/pgaa/PGAAdatabase/reports/K/40k_adopt.txt]
[www-nds.iaea.org/pgaa/PGAAdatabase/reports/K/41k.txt]
[www-nds.iaea.org/pgaa/PGAAdatabase/reports/K/40k_fit.txt]
[www-nds.iaea.org/pgaa/PGAAdatabase/reports/K/b41k.txt]
[www-nds.iaea.org/pgaa/PGAAdatabase/reports/K/41k_e.txt]
[www-nds.iaea.org/pgaa/PGAAdatabase/reports/K/40k(n,g).pdf]
[www-nds.iaea.org/pgaa/PGAAdatabase/reports/K/b41k_e.txt]
[www-nds.iaea.org/pgaa/PGAAdatabase/reports/K/41k_adopt.txt]
[www-nds.iaea.org/pgaa/PGAAdatabase/reports/K/41k_fit.txt]
[www-nds.iaea.org/pgaa/PGAAdatabase/reports/K/42k.txt]
[www-nds.iaea.org/pgaa/PGAAdatabase/reports/K/b42k.txt]
[www-nds.iaea.org/pgaa/PGAAdatabase/reports/K/b42k_e.txt]
[www-nds.iaea.org/pgaa/PGAAdatabase/reports/K/41k(n,g).pdf]
[www-nds.iaea.org/pgaa/PGAAdatabase/reports/K/42k_e.txt]
[www-nds.iaea.org/pgaa/PGAAdatabase/reports/K/42k_adopt.txt]
[www-nds.iaea.org/pgaa/PGAAdatabase/reports/K/K_PGAA.html]
[www-nds.iaea.org/pgaa/PGAAdatabase/reports/K/k.txt]
[www-nds.iaea.org/pgaa/PGAAdatabase/reports/K/K_report.html]
[www-nds.iaea.org/pgaa/PGAAdatabase/reports/Ca/41ca.txt]
[www-nds.iaea.org/pgaa/PGAAdatabase/reports/Ca/b41ca.txt]
[www-nds.iaea.org/pgaa/PGAAdatabase/reports/Ca/41ca_e.txt]
[www-nds.iaea.org/pgaa/PGAAdatabase/reports/Ca/b41ca_e.txt]
[www-nds.iaea.org/pgaa/PGAAdatabase/reports/Ca/40ca(n,g).pdf]
[www-nds.iaea.org/pgaa/PGAAdatabase/reports/Ca/41ca_adopt.txt]
[www-nds.iaea.org/pgaa/PGAAdatabase/reports/K/42k_fit.txt]
[www-nds.iaea.org/pgaa/PGAAdatabase/reports/Ca/41ca_fit.txt]
[www-nds.iaea.org/pgaa/PGAAdatabase/reports/Ca/43ca.txt]
[www-nds.iaea.org/pgaa/PGAAdatabase/reports/Ca/b43ca.txt/index.html]
[www-nds.iaea.org/pgaa/PGAAdatabase/reports/Ca/43ca_e.txt]
[www-nds.iaea.org/pgaa/PGAAdatabase/reports/Ca/b43ca_e.txt]
[www-nds.iaea.org/pgaa/PGAAdatabase/reports/Ca/42ca(n,g).pdf]
[www-nds.iaea.org/pgaa/PGAAdatabase/reports/Ca/43ca_adopt.txt]
[www-nds.iaea.org/pgaa/PGAAdatabase/reports/Ca/43ca_fit.txt]
[www-nds.iaea.org/pgaa/PGAAdatabase/reports/Ca/44ca.txt]
[www-nds.iaea.org/pgaa/PGAAdatabase/reports/Ca/b44ca.txt]
[www-nds.iaea.org/pgaa/PGAAdatabase/reports/Ca/44ca_e.txt]
[www-nds.iaea.org/pgaa/PGAAdatabase/reports/Ca/b44ca_e.txt]
[www-nds.iaea.org/pgaa/PGAAdatabase/reports/Ca/43ca(n,g).pdf]
[www-nds.iaea.org/pgaa/PGAAdatabase/reports/Ca/44ca_adopt.txt]
[www-nds.iaea.org/pgaa/PGAAdatabase/reports/Ca/44ca_fit.txt]
[www-nds.iaea.org/pgaa/PGAAdatabase/reports/Ca/45ca.txt]
[www-nds.iaea.org/pgaa/PGAAdatabase/reports/Ca/b45ca.txt]
[www-nds.iaea.org/pgaa/PGAAdatabase/reports/Ca/45ca_e.txt]
[www-nds.iaea.org/pgaa/PGAAdatabase/reports/Ca/b45ca_e.txt]
[www-nds.iaea.org/pgaa/PGAAdatabase/reports/Ca/44ca(n,g).pdf]
[www-nds.iaea.org/pgaa/PGAAdatabase/reports/Ca/45ca_adopt.txt]
[www-nds.iaea.org/pgaa/PGAAdatabase/reports/Ca/45ca_fit.txt]
[www-nds.iaea.org/pgaa/PGAAdatabase/reports/Ca/47ca.txt]
[www-nds.iaea.org/pgaa/PGAAdatabase/reports/Ca/47ca_e.txt]
[www-nds.iaea.org/pgaa/PGAAdatabase/reports/Ca/46ca(n,g).pdf]
[www-nds.iaea.org/pgaa/PGAAdatabase/reports/Ca/47ca_adopt.txt]
[www-nds.iaea.org/pgaa/PGAAdatabase/reports/Ca/47ca_fit.txt]
[www-nds.iaea.org/pgaa/PGAAdatabase/reports/Ca/49ca.txt]
[www-nds.iaea.org/pgaa/PGAAdatabase/reports/Ca/b49ca.txt]
[www-nds.iaea.org/pgaa/PGAAdatabase/reports/Ca/49ca_e.txt]
[www-nds.iaea.org/pgaa/PGAAdatabase/reports/Ca/b49ca_e.txt]
[www-nds.iaea.org/pgaa/PGAAdatabase/reports/Ca/48ca(n,g).pdf]
[www-nds.iaea.org/pgaa/PGAAdatabase/reports/Ca/dec49Ca_b-.ens/index.html]
[www-nds.iaea.org/pgaa/PGAAdatabase/reports/Ca/49ca_adopt.txt]
[www-nds.iaea.org/pgaa/PGAAdatabase/reports/Ca/49ca_fit.txt]
[www-nds.iaea.org/pgaa/PGAAdatabase/reports/Ca/ca.txt]
[www-nds.iaea.org/pgaa/PGAAdatabase/reports/Ca/Ca_PGAA.html]
[www-nds.iaea.org/pgaa/PGAAdatabase/reports/Ca/Ca_report.html]
[www-nds.iaea.org/pgaa/PGAAdatabase/reports/Sc/46sc.txt]
[www-nds.iaea.org/pgaa/PGAAdatabase/reports/Sc/b46sc.txt]
[www-nds.iaea.org/pgaa/PGAAdatabase/reports/Sc/46sc_e.txt]
[www-nds.iaea.org/pgaa/PGAAdatabase/reports/Sc/b46sc_e.txt]
[www-nds.iaea.org/pgaa/PGAAdatabase/reports/Sc/45sc(n,g).pdf]
[www-nds.iaea.org/pgaa/PGAAdatabase/reports/Sc/dec46Sc_m.ens/index.html]
[www-nds.iaea.org/pgaa/PGAAdatabase/reports/Sc/46sc_adopt.txt]
[www-nds.iaea.org/pgaa/PGAAdatabase/reports/Sc/sc.txt]
[www-nds.iaea.org/pgaa/PGAAdatabase/reports/Sc/Sc_PGAA.html]
[www-nds.iaea.org/pgaa/PGAAdatabase/reports/Sc/0WefpBERbolKLbr6wfZt0sxRVPoHnsBw6kpqj8susAo-167/tqdQYZ7DRTEonl25GoOwUKqwhx1T/index.html]
[www-nds.iaea.org/pgaa/PGAAdatabase/reports/Sc/Sc_report.html]
[www-nds.iaea.org/pgaa/PGAAdatabase/reports/Sc/46sc_fit.txt]
[www-nds.iaea.org/pgaa/PGAAdatabase/reports/Ti/47ti.txt]
[www-nds.iaea.org/pgaa/PGAAdatabase/reports/Ti/b47ti.txt]
[www-nds.iaea.org/pgaa/PGAAdatabase/reports/Ti/47ti_e.txt]
[www-nds.iaea.org/pgaa/PGAAdatabase/reports/Ti/b47ti_e.txt]
[www-nds.iaea.org/pgaa/PGAAdatabase/reports/Ti/46ti(n,g).pdf]
[www-nds.iaea.org/pgaa/PGAAdatabase/reports/Ti/47ti_adopt.txt]
[www-nds.iaea.org/pgaa/PGAAdatabase/reports/Ti/47ti_fit.txt]
[www-nds.iaea.org/pgaa/PGAAdatabase/reports/Ti/48ti.txt]
[www-nds.iaea.org/pgaa/PGAAdatabase/reports/Ti/b48ti.txt]
[www-nds.iaea.org/pgaa/PGAAdatabase/reports/Ti/48ti_e.txt]
[www-nds.iaea.org/pgaa/PGAAdatabase/reports/Ti/b48ti_e.txt]
[www-nds.iaea.org/pgaa/PGAAdatabase/reports/Ti/47ti(n,g).pdf]
[www-nds.iaea.org/pgaa/PGAAdatabase/reports/Ti/48ti_adopt.txt]
[www-nds.iaea.org/pgaa/PGAAdatabase/reports/Ti/48ti_adopt.ens/index.html]
[www-nds.iaea.org/pgaa/PGAAdatabase/reports/Ti/48ti_fit.txt]
[www-nds.iaea.org/pgaa/PGAAdatabase/reports/Ti/49ti.txt]
[www-nds.iaea.org/pgaa/PGAAdatabase/reports/Ti/b49ti.txt]
[www-nds.iaea.org/pgaa/PGAAdatabase/reports/Ti/49ti_e.txt]
[www-nds.iaea.org/pgaa/PGAAdatabase/reports/Ti/b49ti_e.txt]
[www-nds.iaea.org/pgaa/PGAAdatabase/reports/Ti/48ti(n,g).pdf]
[www-nds.iaea.org/pgaa/PGAAdatabase/reports/Ti/49ti_adopt.txt]
[www-nds.iaea.org/pgaa/PGAAdatabase/reports/Ti/49ti_fit.txt]
[www-nds.iaea.org/pgaa/PGAAdatabase/reports/Ti/50ti.txt]
[www-nds.iaea.org/pgaa/PGAAdatabase/reports/Ti/b50ti.txt]
[www-nds.iaea.org/pgaa/PGAAdatabase/reports/Ti/50ti_e.txt]
[www-nds.iaea.org/pgaa/PGAAdatabase/reports/Ti/b50ti_e.txt]
[www-nds.iaea.org/pgaa/PGAAdatabase/reports/Ti/49ti(n,g).pdf]
[www-nds.iaea.org/pgaa/PGAAdatabase/reports/Ti/50ti_adopt.txt]
[www-nds.iaea.org/pgaa/PGAAdatabase/reports/Ti/50ti_fit.txt]
[www-nds.iaea.org/pgaa/PGAAdatabase/reports/Ti/b51ti.ens/index.html]
[www-nds.iaea.org/pgaa/PGAAdatabase/reports/Ti/51ti.txt]
[www-nds.iaea.org/pgaa/PGAAdatabase/reports/Ti/51ti_e.txt]
[www-nds.iaea.org/pgaa/PGAAdatabase/reports/Ti/50ti(n,g).pdf]
[www-nds.iaea.org/pgaa/PGAAdatabase/reports/Ti/51ti_adopt.txt]
[www-nds.iaea.org/pgaa/PGAAdatabase/reports/Ti/ti.txt]
[www-nds.iaea.org/pgaa/PGAAdatabase/reports/Ti/Ti_PGAA.html]
[www-nds.iaea.org/pgaa/PGAAdatabase/reports/Ti/Ti_report.html]
[www-nds.iaea.org/pgaa/PGAAdatabase/reports/V/51v.txt]
[www-nds.iaea.org/pgaa/PGAAdatabase/reports/V/b51v.txt]
[www-nds.iaea.org/pgaa/PGAAdatabase/reports/V/b51v_e.txt]
[www-nds.iaea.org/pgaa/PGAAdatabase/reports/V/51v_e.txt]
[www-nds.iaea.org/pgaa/PGAAdatabase/reports/V/50v(n,g).pdf]
[www-nds.iaea.org/pgaa/PGAAdatabase/reports/V/51v_adopt.txt]
[www-nds.iaea.org/pgaa/PGAAdatabase/reports/V/51v_fit.txt]
[www-nds.iaea.org/pgaa/PGAAdatabase/reports/V/52v.txt]
[www-nds.iaea.org/pgaa/PGAAdatabase/reports/V/b52v.txt]
[www-nds.iaea.org/pgaa/PGAAdatabase/reports/V/b52v_e.txt]
[www-nds.iaea.org/pgaa/PGAAdatabase/reports/V/52v_e.txt]
[www-nds.iaea.org/pgaa/PGAAdatabase/reports/V/51v(n,g).pdf]
[www-nds.iaea.org/pgaa/PGAAdatabase/reports/V/52v_adopt.txt]
[www-nds.iaea.org/pgaa/PGAAdatabase/reports/V/52v_fit.txt]
[www-nds.iaea.org/pgaa/PGAAdatabase/reports/V/V_PGAA.html]
[www-nds.iaea.org/pgaa/PGAAdatabase/reports/V/v.txt]
[www-nds.iaea.org/pgaa/PGAAdatabase/reports/V/V_report.html]
[www-nds.iaea.org/pgaa/PGAAdatabase/reports/Cr/51cr.txt]
[www-nds.iaea.org/pgaa/PGAAdatabase/reports/Cr/b51cr.txt]
[www-nds.iaea.org/pgaa/PGAAdatabase/reports/Cr/51cr_e.txt]
[www-nds.iaea.org/pgaa/PGAAdatabase/reports/Cr/b51cr_e.txt]
[www-nds.iaea.org/pgaa/PGAAdatabase/reports/Cr/50cr(n,g).pdf]
[www-nds.iaea.org/pgaa/PGAAdatabase/reports/Cr/51cr_adopt.txt]
[www-nds.iaea.org/pgaa/PGAAdatabase/reports/Cr/51cr_fit.txt]
[www-nds.iaea.org/pgaa/PGAAdatabase/reports/Cr/53cr.txt]
[www-nds.iaea.org/pgaa/PGAAdatabase/reports/Cr/b53cr.txt]
[www-nds.iaea.org/pgaa/PGAAdatabase/reports/Cr/53cr_e.txt]
[www-nds.iaea.org/pgaa/PGAAdatabase/reports/Cr/b53cr_e.txt]
[www-nds.iaea.org/pgaa/PGAAdatabase/reports/Cr/52cr(n,g).pdf]
[www-nds.iaea.org/pgaa/PGAAdatabase/reports/Cr/53cr_adopt.txt]
[www-nds.iaea.org/pgaa/PGAAdatabase/reports/Cr/53cr_fit.txt]
[www-nds.iaea.org/pgaa/PGAAdatabase/reports/Cr/54cr.txt]
[www-nds.iaea.org/pgaa/PGAAdatabase/reports/Cr/b54cr.txt]
[www-nds.iaea.org/pgaa/PGAAdatabase/reports/Cr/54cr_e.txt]
[www-nds.iaea.org/pgaa/PGAAdatabase/reports/Cr/b54cr_e.txt]
[www-nds.iaea.org/pgaa/PGAAdatabase/reports/Cr/53cr(n,g).pdf]
[www-nds.iaea.org/pgaa/PGAAdatabase/reports/Cr/54cr_adopt.txt]
[www-nds.iaea.org/pgaa/PGAAdatabase/reports/Cr/54cr_fit.txt]
[www-nds.iaea.org/pgaa/PGAAdatabase/reports/Cr/55cr.txt]
[www-nds.iaea.org/pgaa/PGAAdatabase/reports/Cr/b55cr.txt]
[www-nds.iaea.org/pgaa/PGAAdatabase/reports/Cr/55cr_e.txt]
[www-nds.iaea.org/pgaa/PGAAdatabase/reports/Cr/b55cr_e.txt]
[www-nds.iaea.org/pgaa/PGAAdatabase/reports/Cr/54cr(n,g).pdf]
[www-nds.iaea.org/pgaa/PGAAdatabase/reports/Cr/dec55cr.ens/index.html]
[www-nds.iaea.org/pgaa/PGAAdatabase/reports/Cr/55cr_adopt.txt]
[www-nds.iaea.org/pgaa/PGAAdatabase/reports/Cr/55cr_fit.txt]
[www-nds.iaea.org/pgaa/PGAAdatabase/reports/Cr/cr.txt]
[www-nds.iaea.org/pgaa/PGAAdatabase/reports/Cr/Cr_PGAA.html]
[www-nds.iaea.org/pgaa/PGAAdatabase/reports/Cr/Cr_report.html]
[www-nds.iaea.org/pgaa/PGAAdatabase/reports/Mn/56mn.txt]
[www-nds.iaea.org/pgaa/PGAAdatabase/reports/Mn/b56mn.txt]
[www-nds.iaea.org/pgaa/PGAAdatabase/reports/Mn/56mn_e.txt]
[www-nds.iaea.org/pgaa/PGAAdatabase/reports/Mn/55mn(n,g).pdf]
[www-nds.iaea.org/pgaa/PGAAdatabase/reports/Mn/b56mn_e.txt]
[www-nds.iaea.org/pgaa/PGAAdatabase/reports/Mn/56mn_adopt.txt]
[www-nds.iaea.org/pgaa/PGAAdatabase/reports/Mn/mn.txt]
[www-nds.iaea.org/pgaa/PGAAdatabase/reports/Mn/Mn_PGAA.html]
[www-nds.iaea.org/cdn-cgi/challenge-platform/h/b/scripts/cb/invisible34d1.js]
[www-nds.iaea.org/pgaa/PGAAdatabase/reports/Mn/Mn_report.html]
[www-nds.iaea.org/pgaa/PGAAdatabase/reports/Fe/55fe.txt]
[www-nds.iaea.org/pgaa/PGAAdatabase/reports/Fe/b55fe.txt]
[www-nds.iaea.org/pgaa/PGAAdatabase/reports/Fe/55fe_e.txt]
[www-nds.iaea.org/pgaa/PGAAdatabase/reports/Fe/b55fe_e.txt]
[www-nds.iaea.org/pgaa/PGAAdatabase/reports/Fe/54fe(n,g).pdf]
[www-nds.iaea.org/pgaa/PGAAdatabase/reports/Fe/55fe_adopt.txt]
[www-nds.iaea.org/pgaa/PGAAdatabase/reports/Fe/55fe_fit.txt]
[www-nds.iaea.org/pgaa/PGAAdatabase/reports/Fe/57fe.txt]
[www-nds.iaea.org/pgaa/PGAAdatabase/reports/Fe/b57fe.txt]
[www-nds.iaea.org/pgaa/PGAAdatabase/reports/Fe/57fe_e.txt]
[www-nds.iaea.org/pgaa/PGAAdatabase/reports/Fe/b57fe_e.txt]
[www-nds.iaea.org/pgaa/PGAAdatabase/reports/Fe/56fe(n,g).pdf]
[www-nds.iaea.org/pgaa/PGAAdatabase/reports/Fe/57fe_adopt.txt]
[www-nds.iaea.org/pgaa/PGAAdatabase/reports/Fe/57fe_fit.txt]
[www-nds.iaea.org/pgaa/PGAAdatabase/reports/Fe/58fe.txt]
[www-nds.iaea.org/pgaa/PGAAdatabase/reports/Fe/b58fe.txt]
[www-nds.iaea.org/pgaa/PGAAdatabase/reports/Fe/58fe_e.txt]
[www-nds.iaea.org/pgaa/PGAAdatabase/reports/Fe/b58fe_e.txt]
[www-nds.iaea.org/pgaa/PGAAdatabase/reports/Fe/57fe(n,g).pdf]
[www-nds.iaea.org/pgaa/PGAAdatabase/reports/Fe/58fe_adopt.txt]
[www-nds.iaea.org/pgaa/PGAAdatabase/reports/Fe/58fe_fit.txt]
[www-nds.iaea.org/pgaa/PGAAdatabase/reports/Fe/59fe.txt]
[www-nds.iaea.org/pgaa/PGAAdatabase/reports/Fe/b59fe.txt]
[www-nds.iaea.org/pgaa/PGAAdatabase/reports/Fe/59fe_e.txt]
[www-nds.iaea.org/pgaa/PGAAdatabase/reports/Fe/58fe(n,g).pdf]
[www-nds.iaea.org/pgaa/PGAAdatabase/reports/Fe/59fe_adopt.txt]
[www-nds.iaea.org/pgaa/PGAAdatabase/reports/Fe/fe.txt]
[www-nds.iaea.org/pgaa/PGAAdatabase/reports/Fe/59fe_fit.txt]
[www-nds.iaea.org/pgaa/PGAAdatabase/reports/Fe/Fe_PGAA.html]
[www-nds.iaea.org/pgaa/PGAAdatabase/reports/Fe/Fe_report.html]
[www-nds.iaea.org/pgaa/PGAAdatabase/reports/Co/60co.txt]
[www-nds.iaea.org/pgaa/PGAAdatabase/reports/Co/b60co.txt]
[www-nds.iaea.org/pgaa/PGAAdatabase/reports/Co/60co_e.txt]
[www-nds.iaea.org/pgaa/PGAAdatabase/reports/Co/59co(n,g).pdf]
[www-nds.iaea.org/pgaa/PGAAdatabase/reports/Co/b60co_e.txt]
[www-nds.iaea.org/pgaa/PGAAdatabase/reports/Co/60co_adopt.txt]
[www-nds.iaea.org/pgaa/PGAAdatabase/reports/Co/Co_PGAA.html]
[www-nds.iaea.org/pgaa/PGAAdatabase/reports/Co/co.txt]
[www-nds.iaea.org/pgaa/PGAAdatabase/reports/Co/Co_report.html]
[www-nds.iaea.org/pgaa/PGAAdatabase/reports/Co/60co_fit.txt]
[www-nds.iaea.org/pgaa/PGAAdatabase/reports/Ni/59ni.txt]
[www-nds.iaea.org/pgaa/PGAAdatabase/reports/Ni/b59ni.txt]
[www-nds.iaea.org/pgaa/PGAAdatabase/reports/Ni/59ni_e.txt]
[www-nds.iaea.org/pgaa/PGAAdatabase/reports/Ni/b59ni_e.txt]
[www-nds.iaea.org/pgaa/PGAAdatabase/reports/Ni/58ni(n,g).pdf]
[www-nds.iaea.org/pgaa/PGAAdatabase/reports/Ni/59ni_adopt.txt]
[www-nds.iaea.org/pgaa/PGAAdatabase/reports/Ni/59ni_fit.txt]
[www-nds.iaea.org/pgaa/PGAAdatabase/reports/Ni/61ni.txt]
[www-nds.iaea.org/pgaa/PGAAdatabase/reports/Ni/b61ni.txt]
[www-nds.iaea.org/pgaa/PGAAdatabase/reports/Ni/61ni_e.txt]
[www-nds.iaea.org/pgaa/PGAAdatabase/reports/Ni/b61ni_e.txt]
[www-nds.iaea.org/pgaa/PGAAdatabase/reports/Ni/60ni(n,g).pdf]
[www-nds.iaea.org/pgaa/PGAAdatabase/reports/Ni/61ni_adopt.txt]
[www-nds.iaea.org/pgaa/PGAAdatabase/reports/Ni/61ni_fit.txt]
[www-nds.iaea.org/pgaa/PGAAdatabase/reports/Ni/62ni.txt]
[www-nds.iaea.org/pgaa/PGAAdatabase/reports/Ni/b62ni.txt]
[www-nds.iaea.org/pgaa/PGAAdatabase/reports/Ni/62ni_e.txt]
[www-nds.iaea.org/pgaa/PGAAdatabase/reports/Ni/b62ni_e.txt]
[www-nds.iaea.org/pgaa/PGAAdatabase/reports/Ni/61ni(n,g).pdf]
[www-nds.iaea.org/pgaa/PGAAdatabase/reports/Ni/62ni_adopt.txt]
[www-nds.iaea.org/pgaa/PGAAdatabase/reports/Ni/62ni_fit.txt]
[www-nds.iaea.org/pgaa/PGAAdatabase/reports/Ni/63ni.txt]
[www-nds.iaea.org/pgaa/PGAAdatabase/reports/Ni/b63ni.txt]
[www-nds.iaea.org/pgaa/PGAAdatabase/reports/Ni/b63ni_e.txt]
[www-nds.iaea.org/pgaa/PGAAdatabase/reports/Ni/63ni_e.txt]
[www-nds.iaea.org/pgaa/PGAAdatabase/reports/Ni/62Ni(n,g).pdf/index.html]
[www-nds.iaea.org/pgaa/PGAAdatabase/reports/Ni/63ni_adopt.txt]
[www-nds.iaea.org/pgaa/PGAAdatabase/reports/Ni/63ni_fit.txt]
[www-nds.iaea.org/pgaa/PGAAdatabase/reports/Ni/65ni.txt]
[www-nds.iaea.org/pgaa/PGAAdatabase/reports/Ni/b65ni.txt]
[www-nds.iaea.org/pgaa/PGAAdatabase/reports/Ni/65ni_e.txt]
[www-nds.iaea.org/pgaa/PGAAdatabase/reports/Ni/b65ni_e.txt]
[www-nds.iaea.org/pgaa/PGAAdatabase/reports/Ni/64ni(n,g).pdf]
[www-nds.iaea.org/pgaa/PGAAdatabase/reports/Ni/65ni_adopt.txt]
[www-nds.iaea.org/pgaa/PGAAdatabase/reports/Ni/ni.txt]
[www-nds.iaea.org/pgaa/PGAAdatabase/reports/Ni/65ni_fit.txt]
[www-nds.iaea.org/pgaa/PGAAdatabase/reports/Ni/Ni_PGAA.html]
[www-nds.iaea.org/pgaa/PGAAdatabase/reports/Ni/Ni_report.html]
[www-nds.iaea.org/pgaa/PGAAdatabase/reports/Cu/64cu.txt]
[www-nds.iaea.org/pgaa/PGAAdatabase/reports/Cu/b64cu.txt]
[www-nds.iaea.org/pgaa/PGAAdatabase/reports/Cu/64cu_e.txt]
[www-nds.iaea.org/pgaa/PGAAdatabase/reports/Cu/b64cu_e.txt]
[www-nds.iaea.org/pgaa/PGAAdatabase/reports/Cu/63cu(n,g).pdf]
[www-nds.iaea.org/pgaa/PGAAdatabase/reports/Cu/64cu_adopt.txt]
[www-nds.iaea.org/pgaa/PGAAdatabase/reports/Cu/64cu_fit.txt]
[www-nds.iaea.org/pgaa/PGAAdatabase/reports/Cu/66cu.txt]
[www-nds.iaea.org/pgaa/PGAAdatabase/reports/Cu/b66cu.txt]
[www-nds.iaea.org/pgaa/PGAAdatabase/reports/Cu/b66cu_e.txt]
[www-nds.iaea.org/pgaa/PGAAdatabase/reports/Cu/65cu(n,g).pdf]
[www-nds.iaea.org/pgaa/PGAAdatabase/reports/Cu/66cu_e.txt]
[www-nds.iaea.org/pgaa/PGAAdatabase/reports/Cu/66cu_adopt.txt]
[www-nds.iaea.org/pgaa/PGAAdatabase/reports/Cu/66cu_fit.txt]
[www-nds.iaea.org/pgaa/PGAAdatabase/reports/Cu/Cu_PGAA.html]
[www-nds.iaea.org/pgaa/PGAAdatabase/reports/Cu/cu.txt]
[www-nds.iaea.org/pgaa/PGAAdatabase/reports/Cu/Cu_report.html]
[www-nds.iaea.org/pgaa/PGAAdatabase/reports/Zn/65zn.txt]
[www-nds.iaea.org/pgaa/PGAAdatabase/reports/Zn/b65zn.txt]
[www-nds.iaea.org/pgaa/PGAAdatabase/reports/Zn/65zn_e.txt]
[www-nds.iaea.org/pgaa/PGAAdatabase/reports/Zn/b65zn_e.txt]
[www-nds.iaea.org/pgaa/PGAAdatabase/reports/Zn/65zn_adopt.txt]
[www-nds.iaea.org/pgaa/PGAAdatabase/reports/Zn/65zn_fit.txt]
[www-nds.iaea.org/pgaa/PGAAdatabase/reports/Zn/67zn.txt]
[www-nds.iaea.org/pgaa/PGAAdatabase/reports/Zn/b67zn.txt]
[www-nds.iaea.org/pgaa/PGAAdatabase/reports/Zn/67zn_e.txt]
[www-nds.iaea.org/pgaa/PGAAdatabase/reports/Zn/b67zn_e.txt]
[www-nds.iaea.org/pgaa/PGAAdatabase/reports/Zn/67zn_adopt.txt]
[www-nds.iaea.org/pgaa/PGAAdatabase/reports/Zn/67zn_fit.txt]
[www-nds.iaea.org/pgaa/PGAAdatabase/reports/Zn/68zn.txt]
[www-nds.iaea.org/pgaa/PGAAdatabase/reports/Zn/b68zn.txt]
[www-nds.iaea.org/pgaa/PGAAdatabase/reports/Zn/68zn_e.txt]
[www-nds.iaea.org/pgaa/PGAAdatabase/reports/Zn/b68zn_e.txt]
[www-nds.iaea.org/pgaa/PGAAdatabase/reports/Zn/68zn_adopt.txt]
[www-nds.iaea.org/pgaa/PGAAdatabase/reports/Zn/68zn_fit.txt]
[www-nds.iaea.org/pgaa/PGAAdatabase/reports/Zn/69zn.txt]
[www-nds.iaea.org/pgaa/PGAAdatabase/reports/Zn/b69zn.txt]
[www-nds.iaea.org/pgaa/PGAAdatabase/reports/Zn/69zn_e.txt]
[www-nds.iaea.org/pgaa/PGAAdatabase/reports/Zn/b69zn_e.txt]
[www-nds.iaea.org/pgaa/PGAAdatabase/reports/Zn/dec69Zn_1.ens/index.html]
[www-nds.iaea.org/pgaa/PGAAdatabase/reports/Zn/dec69Zn_m.ens/index.html]
[www-nds.iaea.org/pgaa/PGAAdatabase/reports/Zn/dec69Zn_2.ens/index.html]
[www-nds.iaea.org/pgaa/PGAAdatabase/reports/Zn/69zn_adopt.txt]
[www-nds.iaea.org/pgaa/PGAAdatabase/reports/Zn/69zn_fit.txt]
[www-nds.iaea.org/pgaa/PGAAdatabase/reports/Zn/dec71Zn_m.ens/index.html]
[www-nds.iaea.org/pgaa/PGAAdatabase/reports/Zn/dec71Zn_2.ens/index.html]
[www-nds.iaea.org/pgaa/PGAAdatabase/reports/Zn/dec71Zn_1.ens/index.html]
[www-nds.iaea.org/pgaa/PGAAdatabase/reports/Zn/zn.txt]
[www-nds.iaea.org/pgaa/PGAAdatabase/reports/Zn/Zn_PGAA.html]
[www-nds.iaea.org/pgaa/PGAAdatabase/reports/Zn/Zn_report.html]
[www-nds.iaea.org/pgaa/PGAAdatabase/reports/Ga/70ga.txt]
[www-nds.iaea.org/pgaa/PGAAdatabase/reports/Ga/b70ga.txt]
[www-nds.iaea.org/pgaa/PGAAdatabase/reports/Ga/70ga_e.txt]
[www-nds.iaea.org/pgaa/PGAAdatabase/reports/Ga/b70ga_e.txt]
[www-nds.iaea.org/pgaa/PGAAdatabase/reports/Ga/69ga(n,g).pdf]
[www-nds.iaea.org/pgaa/PGAAdatabase/reports/Ga/70ga_adopt.txt]
[www-nds.iaea.org/pgaa/PGAAdatabase/reports/Ga/70ga_fit.txt]
[www-nds.iaea.org/pgaa/PGAAdatabase/reports/Ga/72ga.txt]
[www-nds.iaea.org/pgaa/PGAAdatabase/reports/Ga/b72ga.txt]
[www-nds.iaea.org/pgaa/PGAAdatabase/reports/Ga/72ga_e.txt]
[www-nds.iaea.org/pgaa/PGAAdatabase/reports/Ga/b72ga_e.txt]
[www-nds.iaea.org/pgaa/PGAAdatabase/reports/Ga/71ga(n,g).pdf]
[www-nds.iaea.org/pgaa/PGAAdatabase/reports/Ga/72ga_adopt.txt]
[www-nds.iaea.org/pgaa/PGAAdatabase/reports/Ga/ga.txt]
[www-nds.iaea.org/pgaa/PGAAdatabase/reports/Ga/Ga_PGAA.html]
[www-nds.iaea.org/pgaa/PGAAdatabase/reports/Ga/72ga_fit.txt]
[www-nds.iaea.org/pgaa/PGAAdatabase/reports/Ga/Ga_report.html]
[www-nds.iaea.org/pgaa/PGAAdatabase/reports/Ge/71ge.txt]
[www-nds.iaea.org/pgaa/PGAAdatabase/reports/Ge/b71ge.txt]
[www-nds.iaea.org/pgaa/PGAAdatabase/reports/Ge/71ge_e.txt]
[www-nds.iaea.org/pgaa/PGAAdatabase/reports/Ge/b71ge_e.txt]
[www-nds.iaea.org/pgaa/PGAAdatabase/reports/Ge/70ge(n,g).pdf]
[www-nds.iaea.org/pgaa/PGAAdatabase/reports/Ge/71ge_adopt.txt]
[www-nds.iaea.org/pgaa/PGAAdatabase/reports/Ge/71ge_fit.txt]
[www-nds.iaea.org/pgaa/PGAAdatabase/reports/Ge/73ge.txt]
[www-nds.iaea.org/pgaa/PGAAdatabase/reports/Ge/b73ge.txt]
[www-nds.iaea.org/pgaa/PGAAdatabase/reports/Ge/73ge_e.txt]
[www-nds.iaea.org/pgaa/PGAAdatabase/reports/Ge/b73ge_e.txt]
[www-nds.iaea.org/pgaa/PGAAdatabase/reports/Ge/72ge(n,g).pdf]
[www-nds.iaea.org/pgaa/PGAAdatabase/reports/Ge/73ge_adopt.txt]
